[    0.000000] Initializing cgroup subsys cpuset
[    0.000000] Initializing cgroup subsys cpu
[    0.000000] Initializing cgroup subsys cpuacct
[    0.000000] Linux version 4.1.6-1-ARCH (builduser@tobias) (gcc version 5.2.0 (GCC) ) #1 SMP PREEMPT Mon Aug 17 08:52:28 CEST 2015
[    0.000000] Command line: initrd=\intel-ucode.img initrd=\initramfs-linux.img root=/dev/sda5 rw
[    0.000000] e820: BIOS-provided physical RAM map:
[    0.000000] BIOS-e820: [mem 0x0000000000000000-0x0000000000057fff] usable
[    0.000000] BIOS-e820: [mem 0x0000000000058000-0x0000000000058fff] reserved
[    0.000000] BIOS-e820: [mem 0x0000000000059000-0x000000000009dfff] usable
[    0.000000] BIOS-e820: [mem 0x000000000009e000-0x000000000009ffff] reserved
[    0.000000] BIOS-e820: [mem 0x0000000000100000-0x00000000d6ba8fff] usable
[    0.000000] BIOS-e820: [mem 0x00000000d6ba9000-0x00000000d6f0cfff] reserved
[    0.000000] BIOS-e820: [mem 0x00000000d6f0d000-0x00000000daa56fff] usable
[    0.000000] BIOS-e820: [mem 0x00000000daa57000-0x00000000daab5fff] reserved
[    0.000000] BIOS-e820: [mem 0x00000000daab6000-0x00000000db2d0fff] usable
[    0.000000] BIOS-e820: [mem 0x00000000db2d1000-0x00000000dc413fff] ACPI NVS
[    0.000000] BIOS-e820: [mem 0x00000000dc414000-0x00000000dcffdfff] reserved
[    0.000000] BIOS-e820: [mem 0x00000000dcffe000-0x00000000dcffefff] usable
[    0.000000] BIOS-e820: [mem 0x00000000dd800000-0x00000000dfffffff] reserved
[    0.000000] BIOS-e820: [mem 0x00000000f8000000-0x00000000fbffffff] reserved
[    0.000000] BIOS-e820: [mem 0x00000000fec00000-0x00000000fec00fff] reserved
[    0.000000] BIOS-e820: [mem 0x00000000fed00000-0x00000000fed03fff] reserved
[    0.000000] BIOS-e820: [mem 0x00000000fed1c000-0x00000000fed1ffff] reserved
[    0.000000] BIOS-e820: [mem 0x00000000fee00000-0x00000000fee00fff] reserved
[    0.000000] BIOS-e820: [mem 0x00000000ff000000-0x00000000ffffffff] reserved
[    0.000000] BIOS-e820: [mem 0x0000000100000000-0x000000021effffff] usable
[    0.000000] NX (Execute Disable) protection: active
[    0.000000] e820: update [mem 0xd3eaf018-0xd3ebf057] usable ==> usable
[    0.000000] extended physical RAM map:
[    0.000000] reserve setup_data: [mem 0x0000000000000000-0x0000000000057fff] usable
[    0.000000] reserve setup_data: [mem 0x0000000000058000-0x0000000000058fff] reserved
[    0.000000] reserve setup_data: [mem 0x0000000000059000-0x000000000009dfff] usable
[    0.000000] reserve setup_data: [mem 0x000000000009e000-0x000000000009ffff] reserved
[    0.000000] reserve setup_data: [mem 0x0000000000100000-0x00000000d3eaf017] usable
[    0.000000] reserve setup_data: [mem 0x00000000d3eaf018-0x00000000d3ebf057] usable
[    0.000000] reserve setup_data: [mem 0x00000000d3ebf058-0x00000000d6ba8fff] usable
[    0.000000] reserve setup_data: [mem 0x00000000d6ba9000-0x00000000d6f0cfff] reserved
[    0.000000] reserve setup_data: [mem 0x00000000d6f0d000-0x00000000daa56fff] usable
[    0.000000] reserve setup_data: [mem 0x00000000daa57000-0x00000000daab5fff] reserved
[    0.000000] reserve setup_data: [mem 0x00000000daab6000-0x00000000db2d0fff] usable
[    0.000000] reserve setup_data: [mem 0x00000000db2d1000-0x00000000dc413fff] ACPI NVS
[    0.000000] reserve setup_data: [mem 0x00000000dc414000-0x00000000dcffdfff] reserved
[    0.000000] reserve setup_data: [mem 0x00000000dcffe000-0x00000000dcffefff] usable
[    0.000000] reserve setup_data: [mem 0x00000000dd800000-0x00000000dfffffff] reserved
[    0.000000] reserve setup_data: [mem 0x00000000f8000000-0x00000000fbffffff] reserved
[    0.000000] reserve setup_data: [mem 0x00000000fec00000-0x00000000fec00fff] reserved
[    0.000000] reserve setup_data: [mem 0x00000000fed00000-0x00000000fed03fff] reserved
[    0.000000] reserve setup_data: [mem 0x00000000fed1c000-0x00000000fed1ffff] reserved
[    0.000000] reserve setup_data: [mem 0x00000000fee00000-0x00000000fee00fff] reserved
[    0.000000] reserve setup_data: [mem 0x00000000ff000000-0x00000000ffffffff] reserved
[    0.000000] reserve setup_data: [mem 0x0000000100000000-0x000000021effffff] usable
[    0.000000] efi: EFI v2.40 by American Megatrends
[    0.000000] efi:  ACPI=0xdb717000  ACPI 2.0=0xdb717000  SMBIOS=0xdce2c998 
[    0.000000] SMBIOS 2.8 present.
[    0.000000] DMI: ASUSTeK COMPUTER INC. UX305FA/UX305FA, BIOS UX305FA.208 03/26/2015
[    0.000000] e820: update [mem 0x00000000-0x00000fff] usable ==> reserved
[    0.000000] e820: remove [mem 0x000a0000-0x000fffff] usable
[    0.000000] AGP: No AGP bridge found
[    0.000000] e820: last_pfn = 0x21f000 max_arch_pfn = 0x400000000
[    0.000000] MTRR default type: uncachable
[    0.000000] MTRR fixed ranges enabled:
[    0.000000]   00000-9FFFF write-back
[    0.000000]   A0000-DFFFF uncachable
[    0.000000]   E0000-FFFFF write-protect
[    0.000000] MTRR variable ranges enabled:
[    0.000000]   0 base 0000000000 mask 7F80000000 write-back
[    0.000000]   1 base 0080000000 mask 7FC0000000 write-back
[    0.000000]   2 base 00C0000000 mask 7FF0000000 write-back
[    0.000000]   3 base 00D0000000 mask 7FF8000000 write-back
[    0.000000]   4 base 00D8000000 mask 7FFC000000 write-back
[    0.000000]   5 base 00DC000000 mask 7FFF000000 write-back
[    0.000000]   6 base 0100000000 mask 7F00000000 write-back
[    0.000000]   7 base 0200000000 mask 7FE0000000 write-back
[    0.000000]   8 base 021F000000 mask 7FFF000000 uncachable
[    0.000000]   9 disabled
[    0.000000] PAT configuration [0-7]: WB  WC  UC- UC  WB  WC  UC- UC  
[    0.000000] e820: update [mem 0xdd000000-0xffffffff] usable ==> reserved
[    0.000000] e820: last_pfn = 0xdcfff max_arch_pfn = 0x400000000
[    0.000000] Scanning 1 areas for low memory corruption
[    0.000000] Base memory trampoline at [ffff880000098000] 98000 size 24576
[    0.000000] Using GB pages for direct mapping
[    0.000000] init_memory_mapping: [mem 0x00000000-0x000fffff]
[    0.000000]  [mem 0x00000000-0x000fffff] page 4k
[    0.000000] BRK [0x01b2f000, 0x01b2ffff] PGTABLE
[    0.000000] BRK [0x01b30000, 0x01b30fff] PGTABLE
[    0.000000] BRK [0x01b31000, 0x01b31fff] PGTABLE
[    0.000000] init_memory_mapping: [mem 0x21ee00000-0x21effffff]
[    0.000000]  [mem 0x21ee00000-0x21effffff] page 2M
[    0.000000] BRK [0x01b32000, 0x01b32fff] PGTABLE
[    0.000000] init_memory_mapping: [mem 0x200000000-0x21edfffff]
[    0.000000]  [mem 0x200000000-0x21edfffff] page 2M
[    0.000000] init_memory_mapping: [mem 0x1e0000000-0x1ffffffff]
[    0.000000]  [mem 0x1e0000000-0x1ffffffff] page 1G
[    0.000000] init_memory_mapping: [mem 0x00100000-0xd6ba8fff]
[    0.000000]  [mem 0x00100000-0x001fffff] page 4k
[    0.000000]  [mem 0x00200000-0x3fffffff] page 2M
[    0.000000]  [mem 0x40000000-0xbfffffff] page 1G
[    0.000000]  [mem 0xc0000000-0xd69fffff] page 2M
[    0.000000]  [mem 0xd6a00000-0xd6ba8fff] page 4k
[    0.000000] init_memory_mapping: [mem 0xd6f0d000-0xdaa56fff]
[    0.000000]  [mem 0xd6f0d000-0xd6ffffff] page 4k
[    0.000000]  [mem 0xd7000000-0xda9fffff] page 2M
[    0.000000]  [mem 0xdaa00000-0xdaa56fff] page 4k
[    0.000000] BRK [0x01b33000, 0x01b33fff] PGTABLE
[    0.000000] BRK [0x01b34000, 0x01b34fff] PGTABLE
[    0.000000] init_memory_mapping: [mem 0xdaab6000-0xdb2d0fff]
[    0.000000]  [mem 0xdaab6000-0xdabfffff] page 4k
[    0.000000]  [mem 0xdac00000-0xdb1fffff] page 2M
[    0.000000]  [mem 0xdb200000-0xdb2d0fff] page 4k
[    0.000000] init_memory_mapping: [mem 0xdcffe000-0xdcffefff]
[    0.000000]  [mem 0xdcffe000-0xdcffefff] page 4k
[    0.000000] init_memory_mapping: [mem 0x100000000-0x1dfffffff]
[    0.000000]  [mem 0x100000000-0x1dfffffff] page 1G
[    0.000000] RAMDISK: [mem 0x7fbed000-0x7fffffff]
[    0.000000] ACPI: Early table checksum verification disabled
[    0.000000] ACPI: RSDP 0x00000000DB717000 000024 (v02 _ASUS_)
[    0.000000] ACPI: XSDT 0x00000000DB7170B0 0000DC (v01 _ASUS_ Notebook 01072009 AMI  00010013)
[    0.000000] ACPI: FACP 0x00000000DB730478 00010C (v05 _ASUS_ Notebook 01072009 AMI  00010013)
[    0.000000] ACPI: DSDT 0x00000000DB717218 01925E (v02 _ASUS_ Notebook 01072009 INTL 20120913)
[    0.000000] ACPI: FACS 0x00000000DC411F80 000040
[    0.000000] ACPI: APIC 0x00000000DB730588 000084 (v03 _ASUS_ Notebook 01072009 AMI  00010013)
[    0.000000] ACPI: FPDT 0x00000000DB730610 000044 (v01 _ASUS_ Notebook 01072009 AMI  00010013)
[    0.000000] ACPI: FIDT 0x00000000DB730658 00009C (v01 _ASUS_ Notebook 01072009 AMI  00010013)
[    0.000000] ACPI: ECDT 0x00000000DB7306F8 0000C1 (v01 _ASUS_ Notebook 01072009 AMI. 00000005)
[    0.000000] ACPI: MCFG 0x00000000DB7307C0 00003C (v01 _ASUS_ Notebook 01072009 MSFT 00000097)
[    0.000000] ACPI: HPET 0x00000000DB730800 000038 (v01 _ASUS_ Notebook 01072009 AMI. 00000005)
[    0.000000] ACPI: SSDT 0x00000000DB730838 000315 (v01 SataRe SataTabl 00001000 INTL 20120913)
[    0.000000] ACPI: UEFI 0x00000000DB730B50 000042 (v01                 00000000      00000000)
[    0.000000] ACPI: SSDT 0x00000000DB730B98 000C7D (v02 Ther_R Ther_Rvp 00001000 INTL 20120913)
[    0.000000] ACPI: ASF! 0x00000000DB731818 0000A0 (v32 INTEL   HCG     00000001 TFSM 000F4240)
[    0.000000] ACPI: SSDT 0x00000000DB7318B8 000410 (v02 PmRef  Cpu0Ist  00003000 INTL 20120913)
[    0.000000] ACPI: SSDT 0x00000000DB731CC8 000B74 (v02 CpuRef CpuSsdt  00003000 INTL 20120913)
[    0.000000] ACPI: TPM2 0x00000000DB732840 000034 (v03        Tpm2Tabl 00000001 AMI  00000000)
[    0.000000] ACPI: SSDT 0x00000000DB732878 000041 (v01 Ssdt   PttSsdt  00001000 INTL 20120913)
[    0.000000] ACPI: SSDT 0x00000000DB7328C0 0037ED (v02 DptfTa DptfTabl 00001000 INTL 20120913)
[    0.000000] ACPI: SSDT 0x00000000DB7360B0 000394 (v02 CppcTa CppcTabl 00001000 INTL 20120913)
[    0.000000] ACPI: PCCT 0x00000000DB736448 00006E (v05 PcctTa PcctTabl 00001000 INTL 20120913)
[    0.000000] ACPI: SSDT 0x00000000DB7364B8 000AC4 (v02 Cpc_Ta Cpc_Tabl 00001000 INTL 20120913)
[    0.000000] ACPI: SSDT 0x00000000DB736F80 00667D (v02 SaSsdt SaSsdt   00003000 INTL 20120913)
[    0.000000] ACPI: DMAR 0x00000000DB73D600 0000A8 (v01 INTEL  BDW      00000001 INTL 00000001)
[    0.000000] ACPI: BGRT 0x00000000DB73D6A8 000038 (v01 _ASUS_ Notebook 01072009 AMI  00010013)
[    0.000000] ACPI: MSDM 0x00000000DAAB4E18 000055 (v03 _ASUS_ Notebook 00000000 ASUS 00000001)
[    0.000000] ACPI: Local APIC address 0xfee00000
[    0.000000] No NUMA configuration found
[    0.000000] Faking a node at [mem 0x0000000000000000-0x000000021effffff]
[    0.000000] NODE_DATA(0) allocated [mem 0x21eff8000-0x21effbfff]
[    0.000000]  [ffffea0000000000-ffffea00087fffff] PMD -> [ffff880216600000-ffff88021e5fffff] on node 0
[    0.000000] Zone ranges:
[    0.000000]   DMA      [mem 0x0000000000001000-0x0000000000ffffff]
[    0.000000]   DMA32    [mem 0x0000000001000000-0x00000000ffffffff]
[    0.000000]   Normal   [mem 0x0000000100000000-0x000000021effffff]
[    0.000000] Movable zone start for each node
[    0.000000] Early memory node ranges
[    0.000000]   node   0: [mem 0x0000000000001000-0x0000000000057fff]
[    0.000000]   node   0: [mem 0x0000000000059000-0x000000000009dfff]
[    0.000000]   node   0: [mem 0x0000000000100000-0x00000000d6ba8fff]
[    0.000000]   node   0: [mem 0x00000000d6f0d000-0x00000000daa56fff]
[    0.000000]   node   0: [mem 0x00000000daab6000-0x00000000db2d0fff]
[    0.000000]   node   0: [mem 0x00000000dcffe000-0x00000000dcffefff]
[    0.000000]   node   0: [mem 0x0000000100000000-0x000000021effffff]
[    0.000000] Initmem setup node 0 [mem 0x0000000000001000-0x000000021effffff]
[    0.000000] On node 0 totalpages: 2072235
[    0.000000]   DMA zone: 64 pages used for memmap
[    0.000000]   DMA zone: 21 pages reserved
[    0.000000]   DMA zone: 3996 pages, LIFO batch:0
[    0.000000]   DMA32 zone: 13949 pages used for memmap
[    0.000000]   DMA32 zone: 892687 pages, LIFO batch:31
[    0.000000]   Normal zone: 18368 pages used for memmap
[    0.000000]   Normal zone: 1175552 pages, LIFO batch:31
[    0.000000] Reserving Intel graphics stolen memory at 0xde000000-0xdfffffff
[    0.000000] ACPI: PM-Timer IO Port: 0x1808
[    0.000000] ACPI: Local APIC address 0xfee00000
[    0.000000] ACPI: LAPIC_NMI (acpi_id[0x01] dfl edge lint[0x48])
[    0.000000] ACPI: NMI not connected to LINT 1!
[    0.000000] ACPI: LAPIC_NMI (acpi_id[0x02] high res lint[0x5c])
[    0.000000] ACPI: NMI not connected to LINT 1!
[    0.000000] ACPI: LAPIC_NMI (acpi_id[0x03] dfl res lint[0xf8])
[    0.000000] ACPI: NMI not connected to LINT 1!
[    0.000000] ACPI: LAPIC_NMI (acpi_id[0x04] dfl edge lint[0x1])
[    0.000000] IOAPIC[0]: apic_id 2, version 32, address 0xfec00000, GSI 0-39
[    0.000000] ACPI: INT_SRC_OVR (bus 0 bus_irq 0 global_irq 2 dfl dfl)
[    0.000000] ACPI: INT_SRC_OVR (bus 0 bus_irq 9 global_irq 9 high level)
[    0.000000] ACPI: IRQ0 used by override.
[    0.000000] ACPI: IRQ9 used by override.
[    0.000000] Using ACPI (MADT) for SMP configuration information
[    0.000000] ACPI: HPET id: 0x8086a701 base: 0xfed00000
[    0.000000] smpboot: Allowing 4 CPUs, 0 hotplug CPUs
[    0.000000] PM: Registered nosave memory: [mem 0x00000000-0x00000fff]
[    0.000000] PM: Registered nosave memory: [mem 0x00058000-0x00058fff]
[    0.000000] PM: Registered nosave memory: [mem 0x0009e000-0x0009ffff]
[    0.000000] PM: Registered nosave memory: [mem 0x000a0000-0x000fffff]
[    0.000000] PM: Registered nosave memory: [mem 0xd3eaf000-0xd3eaffff]
[    0.000000] PM: Registered nosave memory: [mem 0xd3ebf000-0xd3ebffff]
[    0.000000] PM: Registered nosave memory: [mem 0xd6ba9000-0xd6f0cfff]
[    0.000000] PM: Registered nosave memory: [mem 0xdaa57000-0xdaab5fff]
[    0.000000] PM: Registered nosave memory: [mem 0xdb2d1000-0xdc413fff]
[    0.000000] PM: Registered nosave memory: [mem 0xdc414000-0xdcffdfff]
[    0.000000] PM: Registered nosave memory: [mem 0xdcfff000-0xdd7fffff]
[    0.000000] PM: Registered nosave memory: [mem 0xdd800000-0xdfffffff]
[    0.000000] PM: Registered nosave memory: [mem 0xe0000000-0xf7ffffff]
[    0.000000] PM: Registered nosave memory: [mem 0xf8000000-0xfbffffff]
[    0.000000] PM: Registered nosave memory: [mem 0xfc000000-0xfebfffff]
[    0.000000] PM: Registered nosave memory: [mem 0xfec00000-0xfec00fff]
[    0.000000] PM: Registered nosave memory: [mem 0xfec01000-0xfecfffff]
[    0.000000] PM: Registered nosave memory: [mem 0xfed00000-0xfed03fff]
[    0.000000] PM: Registered nosave memory: [mem 0xfed04000-0xfed1bfff]
[    0.000000] PM: Registered nosave memory: [mem 0xfed1c000-0xfed1ffff]
[    0.000000] PM: Registered nosave memory: [mem 0xfed20000-0xfedfffff]
[    0.000000] PM: Registered nosave memory: [mem 0xfee00000-0xfee00fff]
[    0.000000] PM: Registered nosave memory: [mem 0xfee01000-0xfeffffff]
[    0.000000] PM: Registered nosave memory: [mem 0xff000000-0xffffffff]
[    0.000000] e820: [mem 0xe0000000-0xf7ffffff] available for PCI devices
[    0.000000] Booting paravirtualized kernel on bare hardware
[    0.000000] clocksource refined-jiffies: mask: 0xffffffff max_cycles: 0xffffffff, max_idle_ns: 6370452778343963 ns
[    0.000000] setup_percpu: NR_CPUS:128 nr_cpumask_bits:128 nr_cpu_ids:4 nr_node_ids:1
[    0.000000] PERCPU: Embedded 33 pages/cpu @ffff88021ec00000 s95576 r8192 d31400 u524288
[    0.000000] pcpu-alloc: s95576 r8192 d31400 u524288 alloc=1*2097152
[    0.000000] pcpu-alloc: [0] 0 1 2 3 
[    0.000000] Built 1 zonelists in Node order, mobility grouping on.  Total pages: 2039833
[    0.000000] Policy zone: Normal
[    0.000000] Kernel command line: initrd=\intel-ucode.img initrd=\initramfs-linux.img root=/dev/sda5 rw
[    0.000000] PID hash table entries: 4096 (order: 3, 32768 bytes)
[    0.000000] xsave: enabled xstate_bv 0x7, cntxt size 0x340 using standard form
[    0.000000] AGP: Checking aperture...
[    0.000000] AGP: No AGP bridge found
[    0.000000] Calgary: detecting Calgary via BIOS EBDA area
[    0.000000] Calgary: Unable to locate Rio Grande table in EBDA - bailing!
[    0.000000] Memory: 8002724K/8288940K available (5699K kernel code, 893K rwdata, 1732K rodata, 1180K init, 1152K bss, 286216K reserved, 0K cma-reserved)
[    0.000000] SLUB: HWalign=64, Order=0-3, MinObjects=0, CPUs=4, Nodes=1
[    0.000000] Preemptible hierarchical RCU implementation.
[    0.000000] 	RCU dyntick-idle grace-period acceleration is enabled.
[    0.000000] 	RCU restricting CPUs from NR_CPUS=128 to nr_cpu_ids=4.
[    0.000000] RCU: Adjusting geometry for rcu_fanout_leaf=16, nr_cpu_ids=4
[    0.000000] NR_IRQS:8448 nr_irqs:728 16
[    0.000000] Console: colour dummy device 80x25
[    0.000000] console [tty0] enabled
[    0.000000] clocksource hpet: mask: 0xffffffff max_cycles: 0xffffffff, max_idle_ns: 133484882848 ns
[    0.000000] hpet clockevent registered
[    0.000000] tsc: Fast TSC calibration using PIT
[    0.000000] tsc: Detected 997.673 MHz processor
[    0.000033] Calibrating delay loop (skipped), value calculated using timer frequency.. 1996.48 BogoMIPS (lpj=3325576)
[    0.000036] pid_max: default: 32768 minimum: 301
[    0.000041] ACPI: Core revision 20150410
[    0.036160] ACPI: All ACPI Tables successfully acquired
[    0.037089] Security Framework initialized
[    0.037094] Yama: becoming mindful.
[    0.037643] Dentry cache hash table entries: 1048576 (order: 11, 8388608 bytes)
[    0.039408] Inode-cache hash table entries: 524288 (order: 10, 4194304 bytes)
[    0.040161] Mount-cache hash table entries: 16384 (order: 5, 131072 bytes)
[    0.040172] Mountpoint-cache hash table entries: 16384 (order: 5, 131072 bytes)
[    0.040384] Initializing cgroup subsys blkio
[    0.040387] Initializing cgroup subsys memory
[    0.040394] Initializing cgroup subsys devices
[    0.040396] Initializing cgroup subsys freezer
[    0.040397] Initializing cgroup subsys net_cls
[    0.040422] CPU: Physical Processor ID: 0
[    0.040423] CPU: Processor Core ID: 0
[    0.040428] ENERGY_PERF_BIAS: Set to 'normal', was 'performance'
[    0.040429] ENERGY_PERF_BIAS: View and update with x86_energy_perf_policy(8)
[    0.041696] mce: CPU supports 7 MCE banks
[    0.041710] CPU0: Thermal monitoring enabled (TM1)
[    0.041719] process: using mwait in idle threads
[    0.041722] Last level iTLB entries: 4KB 64, 2MB 8, 4MB 8
[    0.041723] Last level dTLB entries: 4KB 64, 2MB 0, 4MB 0, 1GB 4
[    0.042090] Freeing SMP alternatives memory: 20K (ffffffff81a08000 - ffffffff81a0d000)
[    0.049726] ftrace: allocating 21563 entries in 85 pages
[    0.060216] dmar: Host address width 39
[    0.060218] dmar: DRHD base: 0x000000fed90000 flags: 0x0
[    0.060227] dmar: IOMMU 0: reg_base_addr fed90000 ver 1:0 cap 1c0000c40660462 ecap 7e1ff0505e
[    0.060229] dmar: DRHD base: 0x000000fed91000 flags: 0x1
[    0.060234] dmar: IOMMU 1: reg_base_addr fed91000 ver 1:0 cap d2008c20660462 ecap f010da
[    0.060236] dmar: RMRR base: 0x000000dce3d000 end: 0x000000dce4bfff
[    0.060237] dmar: RMRR base: 0x000000dd800000 end: 0x000000dfffffff
[    0.060239] IOAPIC id 2 under DRHD base  0xfed91000 IOMMU 1
[    0.060240] HPET id 0 under DRHD base 0xfed91000
[    0.060576] x2apic is disabled because BIOS sets x2apic opt out bit. You can use 'intremap=no_x2apic_optout' to override the BIOS setting.
[    0.060590] Enabled IRQ remapping in xapic mode
[    0.060591] x2apic: IRQ remapping doesn't support X2APIC mode
[    0.061234] ..TIMER: vector=0x30 apic1=0 pin1=2 apic2=-1 pin2=-1
[    0.094230] TSC deadline timer enabled
[    0.094233] smpboot: CPU0: Intel(R) Core(TM) M-5Y10c CPU @ 0.80GHz (fam: 06, model: 3d, stepping: 04)
[    0.094257] Performance Events: PEBS fmt2+, 16-deep LBR, Broadwell events, full-width counters, Intel PMU driver.
[    0.094279] ... version:                3
[    0.094280] ... bit width:              48
[    0.094281] ... generic registers:      4
[    0.094282] ... value mask:             0000ffffffffffff
[    0.094283] ... max period:             0000ffffffffffff
[    0.094284] ... fixed-purpose events:   3
[    0.094284] ... event mask:             000000070000000f
[    0.114363] x86: Booting SMP configuration:
[    0.114365] .... node  #0, CPUs:      #1
[    0.128948] NMI watchdog: enabled on all CPUs, permanently consumes one hw-PMU counter.
[    0.135619]  #2 #3
[    0.171548] x86: Booted up 1 node, 4 CPUs
[    0.171552] smpboot: Total of 4 processors activated (7984.94 BogoMIPS)
[    0.176671] devtmpfs: initialized
[    0.178964] PM: Registering ACPI NVS region [mem 0xdb2d1000-0xdc413fff] (18100224 bytes)
[    0.179249] clocksource jiffies: mask: 0xffffffff max_cycles: 0xffffffff, max_idle_ns: 6370867519511994 ns
[    0.179336] pinctrl core: initialized pinctrl subsystem
[    0.179376] RTC time: 17:13:31, date: 11/10/15
[    0.179499] NET: Registered protocol family 16
[    0.189801] cpuidle: using governor ladder
[    0.216490] cpuidle: using governor menu
[    0.216587] ACPI FADT declares the system doesn't support PCIe ASPM, so disable it
[    0.216590] ACPI: bus type PCI registered
[    0.216594] acpiphp: ACPI Hot Plug PCI Controller Driver version: 0.5
[    0.216749] PCI: MMCONFIG for domain 0000 [bus 00-3f] at [mem 0xf8000000-0xfbffffff] (base 0xf8000000)
[    0.216754] PCI: MMCONFIG at [mem 0xf8000000-0xfbffffff] reserved in E820
[    0.216957] PCI: Using configuration type 1 for base access
[    0.230546] ACPI: Added _OSI(Module Device)
[    0.230551] ACPI: Added _OSI(Processor Device)
[    0.230554] ACPI: Added _OSI(3.0 _SCP Extensions)
[    0.230557] ACPI: Added _OSI(Processor Aggregator Device)
[    0.234974] ACPI : EC: EC description table is found, configuring boot EC
[    0.234987] ACPI : EC: EC started
[    0.239040] ACPI: Executed 8 blocks of module-level executable AML code
[    0.247056] ACPI: Dynamic OEM Table Load:
[    0.247064] ACPI: SSDT 0xFFFF880214F81000 0003D3 (v02 PmRef  Cpu0Cst  00003001 INTL 20120913)
[    0.248283] ACPI: Dynamic OEM Table Load:
[    0.248290] ACPI: SSDT 0xFFFF880214F0A000 0005AA (v02 PmRef  ApIst    00003000 INTL 20120913)
[    0.249563] ACPI: Dynamic OEM Table Load:
[    0.249568] ACPI: SSDT 0xFFFF880214F37600 000119 (v02 PmRef  ApCst    00003000 INTL 20120913)
[    0.251720] ACPI: Interpreter enabled
[    0.251732] ACPI Exception: AE_NOT_FOUND, While evaluating Sleep State [\_S1_] (20150410/hwxface-580)
[    0.251741] ACPI Exception: AE_NOT_FOUND, While evaluating Sleep State [\_S2_] (20150410/hwxface-580)
[    0.251757] ACPI: (supports S0 S3 S4 S5)
[    0.251758] ACPI: Using IOAPIC for interrupt routing
[    0.251790] PCI: Using host bridge windows from ACPI; if necessary, use "pci=nocrs" and report a bug
[    0.254621] ACPI: Power Resource [PG00] (on)
[    0.255087] ACPI: Power Resource [PG01] (on)
[    0.255499] ACPI: Power Resource [PG02] (on)
[    0.266979] ACPI: Power Resource [FN00] (off)
[    0.267061] ACPI: Power Resource [FN01] (off)
[    0.267137] ACPI: Power Resource [FN02] (off)
[    0.267211] ACPI: Power Resource [FN03] (off)
[    0.267288] ACPI: Power Resource [FN04] (off)
[    0.268183] ACPI: PCI Root Bridge [PCI0] (domain 0000 [bus 00-3e])
[    0.268189] acpi PNP0A08:00: _OSC: OS supports [ExtendedConfig ASPM ClockPM Segments MSI]
[    0.268819] acpi PNP0A08:00: _OSC: OS now controls [PCIeHotplug PME AER PCIeCapability]
[    0.268821] acpi PNP0A08:00: FADT indicates ASPM is unsupported, using BIOS configuration
[    0.269269] PCI host bridge to bus 0000:00
[    0.269272] pci_bus 0000:00: root bus resource [bus 00-3e]
[    0.269274] pci_bus 0000:00: root bus resource [io  0x0000-0x0cf7 window]
[    0.269276] pci_bus 0000:00: root bus resource [io  0x0d00-0xffff window]
[    0.269278] pci_bus 0000:00: root bus resource [mem 0x000a0000-0x000bffff window]
[    0.269280] pci_bus 0000:00: root bus resource [mem 0x000c0000-0x000c3fff window]
[    0.269282] pci_bus 0000:00: root bus resource [mem 0x000c4000-0x000c7fff window]
[    0.269284] pci_bus 0000:00: root bus resource [mem 0x000c8000-0x000cbfff window]
[    0.269285] pci_bus 0000:00: root bus resource [mem 0x000cc000-0x000cffff window]
[    0.269287] pci_bus 0000:00: root bus resource [mem 0x000d0000-0x000d3fff window]
[    0.269289] pci_bus 0000:00: root bus resource [mem 0x000d4000-0x000d7fff window]
[    0.269290] pci_bus 0000:00: root bus resource [mem 0x000d8000-0x000dbfff window]
[    0.269292] pci_bus 0000:00: root bus resource [mem 0x000dc000-0x000dffff window]
[    0.269293] pci_bus 0000:00: root bus resource [mem 0xe0000000-0xfeafffff window]
[    0.269301] pci 0000:00:00.0: [8086:1604] type 00 class 0x060000
[    0.269414] pci 0000:00:02.0: [8086:161e] type 00 class 0x030000
[    0.269426] pci 0000:00:02.0: reg 0x10: [mem 0xf6000000-0xf6ffffff 64bit]
[    0.269433] pci 0000:00:02.0: reg 0x18: [mem 0xe0000000-0xefffffff 64bit pref]
[    0.269438] pci 0000:00:02.0: reg 0x20: [io  0xf000-0xf03f]
[    0.269559] pci 0000:00:03.0: [8086:160c] type 00 class 0x040300
[    0.269569] pci 0000:00:03.0: reg 0x10: [mem 0xf711c000-0xf711ffff 64bit]
[    0.269684] pci 0000:00:04.0: [8086:1603] type 00 class 0x118000
[    0.269697] pci 0000:00:04.0: reg 0x10: [mem 0xf7110000-0xf7117fff 64bit]
[    0.269831] pci 0000:00:14.0: [8086:9cb1] type 00 class 0x0c0330
[    0.269847] pci 0000:00:14.0: reg 0x10: [mem 0xf7100000-0xf710ffff 64bit]
[    0.269911] pci 0000:00:14.0: PME# supported from D3hot D3cold
[    0.269977] pci 0000:00:14.0: System wakeup disabled by ACPI
[    0.270020] pci 0000:00:16.0: [8086:9cba] type 00 class 0x078000
[    0.270037] pci 0000:00:16.0: reg 0x10: [mem 0xf7123000-0xf712301f 64bit]
[    0.270098] pci 0000:00:16.0: PME# supported from D0 D3hot D3cold
[    0.270214] pci 0000:00:1b.0: [8086:9ca0] type 00 class 0x040300
[    0.270231] pci 0000:00:1b.0: reg 0x10: [mem 0xf7118000-0xf711bfff 64bit]
[    0.270288] pci 0000:00:1b.0: PME# supported from D0 D3hot D3cold
[    0.270363] pci 0000:00:1b.0: System wakeup disabled by ACPI
[    0.270414] pci 0000:00:1c.0: [8086:9c90] type 01 class 0x060400
[    0.270483] pci 0000:00:1c.0: PME# supported from D0 D3hot D3cold
[    0.270573] pci 0000:00:1c.0: System wakeup disabled by ACPI
[    0.270622] pci 0000:00:1c.3: [8086:9c96] type 01 class 0x060400
[    0.270692] pci 0000:00:1c.3: PME# supported from D0 D3hot D3cold
[    0.270777] pci 0000:00:1c.3: System wakeup disabled by ACPI
[    0.270824] pci 0000:00:1f.0: [8086:9cc7] type 00 class 0x060100
[    0.271016] pci 0000:00:1f.2: [8086:9c83] type 00 class 0x010601
[    0.271029] pci 0000:00:1f.2: reg 0x10: [io  0xf0b0-0xf0b7]
[    0.271035] pci 0000:00:1f.2: reg 0x14: [io  0xf0a0-0xf0a3]
[    0.271042] pci 0000:00:1f.2: reg 0x18: [io  0xf090-0xf097]
[    0.271049] pci 0000:00:1f.2: reg 0x1c: [io  0xf080-0xf083]
[    0.271056] pci 0000:00:1f.2: reg 0x20: [io  0xf060-0xf07f]
[    0.271064] pci 0000:00:1f.2: reg 0x24: [mem 0xf7121000-0xf71217ff]
[    0.271096] pci 0000:00:1f.2: PME# supported from D3hot
[    0.271181] pci 0000:00:1f.3: [8086:9ca2] type 00 class 0x0c0500
[    0.271195] pci 0000:00:1f.3: reg 0x10: [mem 0xf7120000-0xf71200ff 64bit]
[    0.271215] pci 0000:00:1f.3: reg 0x20: [io  0xf040-0xf05f]
[    0.271388] acpiphp: Slot [1] registered
[    0.271400] pci 0000:00:1c.0: PCI bridge to [bus 01]
[    0.271735] pci 0000:02:00.0: [8086:095a] type 00 class 0x028000
[    0.271873] pci 0000:02:00.0: reg 0x10: [mem 0xf7000000-0xf7001fff 64bit]
[    0.272402] pci 0000:02:00.0: PME# supported from D0 D3hot D3cold
[    0.276852] pci 0000:00:1c.3: PCI bridge to [bus 02]
[    0.276863] pci 0000:00:1c.3:   bridge window [mem 0xf7000000-0xf70fffff]
[    0.278657] ACPI: PCI Interrupt Link [LNKA] (IRQs 3 4 5 6 7 10 11 12) *0, disabled.
[    0.278710] ACPI: PCI Interrupt Link [LNKB] (IRQs 3 4 5 6 7 10 12) *0, disabled.
[    0.278760] ACPI: PCI Interrupt Link [LNKC] (IRQs 3 4 5 6 7 10 12) *0, disabled.
[    0.278809] ACPI: PCI Interrupt Link [LNKD] (IRQs 3 4 5 6 7 10 12) *0, disabled.
[    0.278858] ACPI: PCI Interrupt Link [LNKE] (IRQs 3 4 5 6 7 10 12) *0, disabled.
[    0.278908] ACPI: PCI Interrupt Link [LNKF] (IRQs 3 4 5 6 7 10 12) *0, disabled.
[    0.278957] ACPI: PCI Interrupt Link [LNKG] (IRQs 3 4 5 6 7 10 12) *0, disabled.
[    0.279020] ACPI: PCI Interrupt Link [LNKH] (IRQs 3 4 5 6 7 10 12) *0, disabled.
[    0.279694] ACPI: Enabled 4 GPEs in block 00 to 7F
[    0.279783] ACPI : EC: GPE = 0xa, I/O: command/status = 0x66, data = 0x62
[    0.279886] vgaarb: setting as boot device: PCI:0000:00:02.0
[    0.279888] vgaarb: device added: PCI:0000:00:02.0,decodes=io+mem,owns=io+mem,locks=none
[    0.279891] vgaarb: loaded
[    0.279892] vgaarb: bridge control possible 0000:00:02.0
[    0.280034] PCI: Using ACPI for IRQ routing
[    0.281407] PCI: pci_cache_line_size set to 64 bytes
[    0.281729] e820: reserve RAM buffer [mem 0x00058000-0x0005ffff]
[    0.281730] e820: reserve RAM buffer [mem 0x0009e000-0x0009ffff]
[    0.281732] e820: reserve RAM buffer [mem 0xd3eaf018-0xd3ffffff]
[    0.281733] e820: reserve RAM buffer [mem 0xd6ba9000-0xd7ffffff]
[    0.281735] e820: reserve RAM buffer [mem 0xdaa57000-0xdbffffff]
[    0.281736] e820: reserve RAM buffer [mem 0xdb2d1000-0xdbffffff]
[    0.281738] e820: reserve RAM buffer [mem 0xdcfff000-0xdfffffff]
[    0.281739] e820: reserve RAM buffer [mem 0x21f000000-0x21fffffff]
[    0.281858] NetLabel: Initializing
[    0.281859] NetLabel:  domain hash size = 128
[    0.281860] NetLabel:  protocols = UNLABELED CIPSOv4
[    0.281873] NetLabel:  unlabeled traffic allowed by default
[    0.281894] hpet0: at MMIO 0xfed00000, IRQs 2, 8, 0, 0, 0, 0, 0, 0
[    0.281900] hpet0: 8 comparators, 64-bit 14.318180 MHz counter
[    0.283953] Switched to clocksource hpet
[    0.289904] pnp: PnP ACPI init
[    0.290120] system 00:00: [io  0x0240-0x0259] has been reserved
[    0.290125] system 00:00: Plug and Play ACPI device, IDs PNP0c02 (active)
[    0.290211] pnp 00:01: Plug and Play ACPI device, IDs ETD0105 SYN0a00 SYN0002 PNP0f03 PNP0f13 PNP0f12 (active)
[    0.290257] pnp 00:02: Plug and Play ACPI device, IDs ATK3001 PNP030b (active)
[    0.290342] system 00:03: [io  0x0680-0x069f] has been reserved
[    0.290344] system 00:03: [io  0xffff] has been reserved
[    0.290346] system 00:03: [io  0xffff] has been reserved
[    0.290347] system 00:03: [io  0xffff] has been reserved
[    0.290349] system 00:03: [io  0x1800-0x18fe] could not be reserved
[    0.290351] system 00:03: [io  0x164e-0x164f] has been reserved
[    0.290353] system 00:03: Plug and Play ACPI device, IDs PNP0c02 (active)
[    0.290409] pnp 00:04: Plug and Play ACPI device, IDs PNP0b00 (active)
[    0.290446] system 00:05: [io  0x1854-0x1857] has been reserved
[    0.290448] system 00:05: Plug and Play ACPI device, IDs INT3f0d PNP0c02 (active)
[    0.290601] system 00:06: [mem 0xfed1c000-0xfed1ffff] has been reserved
[    0.290603] system 00:06: [mem 0xfed10000-0xfed17fff] has been reserved
[    0.290605] system 00:06: [mem 0xfed18000-0xfed18fff] has been reserved
[    0.290607] system 00:06: [mem 0xfed19000-0xfed19fff] has been reserved
[    0.290609] system 00:06: [mem 0xf8000000-0xfbffffff] has been reserved
[    0.290619] system 00:06: [mem 0xfed20000-0xfed3ffff] has been reserved
[    0.290621] system 00:06: [mem 0xfed90000-0xfed93fff] could not be reserved
[    0.290623] system 00:06: [mem 0xfed45000-0xfed8ffff] could not be reserved
[    0.290625] system 00:06: [mem 0xff000000-0xffffffff] has been reserved
[    0.290627] system 00:06: [mem 0xfee00000-0xfeefffff] could not be reserved
[    0.290628] system 00:06: [mem 0xf7fe0000-0xf7feffff] has been reserved
[    0.290630] system 00:06: [mem 0xf7ff0000-0xf7ffffff] has been reserved
[    0.290632] system 00:06: Plug and Play ACPI device, IDs PNP0c02 (active)
[    0.291185] system 00:07: Plug and Play ACPI device, IDs PNP0c02 (active)
[    0.291788] pnp: PnP ACPI: found 8 devices
[    0.298141] clocksource acpi_pm: mask: 0xffffff max_cycles: 0xffffff, max_idle_ns: 2085701024 ns
[    0.298170] pci 0000:00:1c.0: PCI bridge to [bus 01]
[    0.298184] pci 0000:00:1c.3: PCI bridge to [bus 02]
[    0.298189] pci 0000:00:1c.3:   bridge window [mem 0xf7000000-0xf70fffff]
[    0.298198] pci_bus 0000:00: resource 4 [io  0x0000-0x0cf7 window]
[    0.298200] pci_bus 0000:00: resource 5 [io  0x0d00-0xffff window]
[    0.298202] pci_bus 0000:00: resource 6 [mem 0x000a0000-0x000bffff window]
[    0.298203] pci_bus 0000:00: resource 7 [mem 0x000c0000-0x000c3fff window]
[    0.298205] pci_bus 0000:00: resource 8 [mem 0x000c4000-0x000c7fff window]
[    0.298207] pci_bus 0000:00: resource 9 [mem 0x000c8000-0x000cbfff window]
[    0.298208] pci_bus 0000:00: resource 10 [mem 0x000cc000-0x000cffff window]
[    0.298210] pci_bus 0000:00: resource 11 [mem 0x000d0000-0x000d3fff window]
[    0.298211] pci_bus 0000:00: resource 12 [mem 0x000d4000-0x000d7fff window]
[    0.298213] pci_bus 0000:00: resource 13 [mem 0x000d8000-0x000dbfff window]
[    0.298214] pci_bus 0000:00: resource 14 [mem 0x000dc000-0x000dffff window]
[    0.298216] pci_bus 0000:00: resource 15 [mem 0xe0000000-0xfeafffff window]
[    0.298218] pci_bus 0000:02: resource 1 [mem 0xf7000000-0xf70fffff]
[    0.298249] NET: Registered protocol family 2
[    0.298443] TCP established hash table entries: 65536 (order: 7, 524288 bytes)
[    0.298589] TCP bind hash table entries: 65536 (order: 8, 1048576 bytes)
[    0.298713] TCP: Hash tables configured (established 65536 bind 65536)
[    0.298743] UDP hash table entries: 4096 (order: 5, 131072 bytes)
[    0.298769] UDP-Lite hash table entries: 4096 (order: 5, 131072 bytes)
[    0.298819] NET: Registered protocol family 1
[    0.298836] pci 0000:00:02.0: Video device with shadowed ROM
[    0.299193] PCI: CLS 64 bytes, default 64
[    0.299238] Unpacking initramfs...
[    0.366027] Freeing initrd memory: 4172K (ffff88007fbed000 - ffff880080000000)
[    0.366049] PCI-DMA: Using software bounce buffering for IO (SWIOTLB)
[    0.366052] software IO TLB [mem 0xcfeaf000-0xd3eaf000] (64MB) mapped at [ffff8800cfeaf000-ffff8800d3eaefff]
[    0.366102] RAPL PMU detected, API unit is 2^-32 Joules, 4 fixed counters 655360 ms ovfl timer
[    0.366104] hw unit of domain pp0-core 2^-14 Joules
[    0.366105] hw unit of domain package 2^-14 Joules
[    0.366106] hw unit of domain dram 2^-14 Joules
[    0.366107] hw unit of domain pp1-gpu 2^-14 Joules
[    0.366185] microcode: CPU0 sig=0x306d4, pf=0x80, revision=0x1d
[    0.366193] microcode: CPU1 sig=0x306d4, pf=0x80, revision=0x1d
[    0.366201] microcode: CPU2 sig=0x306d4, pf=0x80, revision=0x1d
[    0.366208] microcode: CPU3 sig=0x306d4, pf=0x80, revision=0x1d
[    0.366251] microcode: Microcode Update Driver: v2.00 <tigran@aivazian.fsnet.co.uk>, Peter Oruba
[    0.366278] Scanning for low memory corruption every 60 seconds
[    0.366509] futex hash table entries: 1024 (order: 4, 65536 bytes)
[    0.366525] Initialise system trusted keyring
[    0.366857] HugeTLB registered 2 MB page size, pre-allocated 0 pages
[    0.368299] zpool: loaded
[    0.368302] zbud: loaded
[    0.368478] VFS: Disk quotas dquot_6.6.0
[    0.368510] VFS: Dquot-cache hash table entries: 512 (order 0, 4096 bytes)
[    0.368647] Key type big_key registered
[    0.368835] Block layer SCSI generic (bsg) driver version 0.4 loaded (major 252)
[    0.368867] io scheduler noop registered
[    0.368870] io scheduler deadline registered
[    0.368898] io scheduler cfq registered (default)
[    0.369348] pcieport 0000:00:1c.0: Signaling PME through PCIe PME interrupt
[    0.369359] pcie_pme 0000:00:1c.0:pcie01: service driver pcie_pme loaded
[    0.369373] pcieport 0000:00:1c.3: Signaling PME through PCIe PME interrupt
[    0.369375] pci 0000:02:00.0: Signaling PME through PCIe PME interrupt
[    0.369380] pcie_pme 0000:00:1c.3:pcie01: service driver pcie_pme loaded
[    0.369386] pci_hotplug: PCI Hot Plug PCI Core version: 0.5
[    0.369401] pciehp: PCI Express Hot Plug Controller Driver version: 0.4
[    0.369419] efifb: probing for efifb
[    0.369441] efifb: framebuffer at 0xe0000000, mapped to 0xffffc90001000000, using 8100k, total 8100k
[    0.369442] efifb: mode is 1920x1080x32, linelength=7680, pages=1
[    0.369443] efifb: scrolling: redraw
[    0.369445] efifb: Truecolor: size=8:8:8:8, shift=24:16:8:0
[    0.374478] Console: switching to colour frame buffer device 240x67
[    0.379412] fb0: EFI VGA frame buffer device
[    0.379421] intel_idle: MWAIT substates: 0x11142120
[    0.379423] intel_idle: v0.4 model 0x3D
[    0.379424] intel_idle: lapic_timer_reliable_states 0xffffffff
[    0.379681] GHES: HEST is not enabled!
[    0.379734] Serial: 8250/16550 driver, 4 ports, IRQ sharing disabled
[    0.380164] Linux agpgart interface v0.103
[    0.380462] rtc_cmos 00:04: RTC can wake from S4
[    0.380603] rtc_cmos 00:04: rtc core: registered rtc_cmos as rtc0
[    0.380631] rtc_cmos 00:04: alarms up to one month, y3k, 242 bytes nvram, hpet irqs
[    0.380644] Intel P-state driver initializing.
[    0.380792] ledtrig-cpu: registered to indicate activity on CPUs
[    0.381568] NET: Registered protocol family 10
[    0.381990] NET: Registered protocol family 17
[    0.383268] Loading compiled-in X.509 certificates
[    0.383304] registered taskstats version 1
[    0.384394]   Magic number: 7:752:238
[    0.384422] platform PNP0C0B:03: hash matches
[    0.384433] acpi PNP0C0B:03: hash matches
[    0.384566] rtc_cmos 00:04: setting system clock to 2015-11-10 17:13:32 UTC (1447175612)
[    0.384760] PM: Hibernation image not present or could not be loaded.
[    0.385444] Freeing unused kernel memory: 1180K (ffffffff818e1000 - ffffffff81a08000)
[    0.385447] Write protecting the kernel read-only data: 8192k
[    0.386054] Freeing unused kernel memory: 432K (ffff880001594000 - ffff880001600000)
[    0.386307] Freeing unused kernel memory: 316K (ffff8800017b1000 - ffff880001800000)
[    0.396448] random: systemd-tmpfile urandom read with 3 bits of entropy available
[    0.427769] sdhci: Secure Digital Host Controller Interface driver
[    0.427772] sdhci: Copyright(c) Pierre Ossman
[    0.430759] i8042: PNP: PS/2 Controller [PNP030b:PS2K,PNP0f03:PS2M] at 0x60,0x64 irq 1,12
[    0.433921] i8042: Detected active multiplexing controller, rev 1.1
[    0.435143] serio: i8042 KBD port at 0x60,0x64 irq 1
[    0.435207] serio: i8042 AUX0 port at 0x60,0x64 irq 12
[    0.435257] serio: i8042 AUX1 port at 0x60,0x64 irq 12
[    0.435308] serio: i8042 AUX2 port at 0x60,0x64 irq 12
[    0.435359] serio: i8042 AUX3 port at 0x60,0x64 irq 12
[    0.440548] ACPI: bus type USB registered
[    0.440779] usbcore: registered new interface driver usbfs
[    0.440796] usbcore: registered new interface driver hub
[    0.440824] usbcore: registered new device driver usb
[    0.442201] SCSI subsystem initialized
[    0.443598] xhci_hcd 0000:00:14.0: xHCI Host Controller
[    0.443608] xhci_hcd 0000:00:14.0: new USB bus registered, assigned bus number 1
[    0.443870] xhci_hcd 0000:00:14.0: hcc params 0x200077c1 hci version 0x100 quirks 0x00009810
[    0.443879] xhci_hcd 0000:00:14.0: cache line size of 64 is not supported
[    0.444133] libata version 3.00 loaded.
[    0.444414] hub 1-0:1.0: USB hub found
[    0.444431] hub 1-0:1.0: 11 ports detected
[    0.450035] xhci_hcd 0000:00:14.0: xHCI Host Controller
[    0.450043] xhci_hcd 0000:00:14.0: new USB bus registered, assigned bus number 2
[    0.450344] hub 2-0:1.0: USB hub found
[    0.450355] hub 2-0:1.0: 4 ports detected
[    0.452103] ahci 0000:00:1f.2: version 3.0
[    0.464037] ahci 0000:00:1f.2: AHCI 0001.0300 32 slots 2 ports 6 Gbps 0x1 impl SATA mode
[    0.464047] ahci 0000:00:1f.2: flags: 64bit ncq pm led clo only pio slum part deso sadm sds apst 
[    0.464861] scsi host0: ahci
[    0.465221] scsi host1: ahci
[    0.465406] ata1: SATA max UDMA/133 abar m2048@0xf7121000 port 0xf7121100 irq 45
[    0.465413] ata2: DUMMY
[    0.498630] input: AT Translated Set 2 keyboard as /devices/platform/i8042/serio0/input/input0
[    0.783895] ata1: SATA link up 6.0 Gbps (SStatus 133 SControl 300)
[    0.785175] ata1.00: ATA-9: SanDisk SD7SN3Q256G1002, X2170002, max UDMA/133
[    0.785184] ata1.00: 500118192 sectors, multi 1: LBA48 NCQ (depth 31/32), AA
[    0.787320] ata1.00: configured for UDMA/133
[    0.787676] scsi 0:0:0:0: Direct-Access     ATA      SanDisk SD7SN3Q2 0002 PQ: 0 ANSI: 5
[    0.790384] sd 0:0:0:0: [sda] 500118192 512-byte logical blocks: (256 GB/238 GiB)
[    0.790483] sd 0:0:0:0: [sda] Write Protect is off
[    0.790486] sd 0:0:0:0: [sda] Mode Sense: 00 3a 00 00
[    0.790516] sd 0:0:0:0: [sda] Write cache: enabled, read cache: enabled, doesn't support DPO or FUA
[    0.792395]  sda: sda1 sda2 sda3 sda4 sda5 sda6
[    0.794259] sd 0:0:0:0: [sda] Attached SCSI disk
[    0.807166] usb 1-1: new low-speed USB device number 2 using xhci_hcd
[    0.975574] EXT4-fs (sda5): mounted filesystem with ordered data mode. Opts: (null)
[    0.984237] usb 1-1: ep 0x81 - rounding interval to 64 microframes, ep desc says 80 microframes
[    1.068279] ip_tables: (C) 2000-2006 Netfilter Core Team
[    1.077413] systemd[1]: systemd 227 running in system mode. (+PAM -AUDIT -SELINUX -IMA -APPARMOR +SMACK -SYSVINIT +UTMP +LIBCRYPTSETUP +GCRYPT +GNUTLS +ACL +XZ +LZ4 +SECCOMP +BLKID -ELFUTILS +KMOD +IDN)
[    1.077636] systemd[1]: Detected architecture x86-64.
[    1.077950] systemd[1]: No hostname configured.
[    1.077957] systemd[1]: Set hostname to <localhost>.
[    1.143689] usb 1-4: new full-speed USB device number 3 using xhci_hcd
[    1.173183] systemd[1]: dropbox@garrett.service: Cannot add dependency job, ignoring: Unit dropbox@garrett.service failed to load: No such file or directory.
[    1.173268] systemd[1]: display-manager.service: Cannot add dependency job, ignoring: Unit display-manager.service failed to load: No such file or directory.
[    1.174201] systemd[1]: Listening on Journal Socket.
[    1.174348] systemd[1]: Started Forward Password Requests to Wall Directory Watch.
[    1.174721] systemd[1]: Created slice User and Session Slice.
[    1.174839] systemd[1]: Listening on udev Control Socket.
[    1.175002] systemd[1]: Created slice System Slice.
[    1.175079] systemd[1]: Reached target Slices.
[    1.175968] systemd[1]: Starting Create list of required static device nodes for the current kernel...
[    1.176492] systemd[1]: Mounting POSIX Message Queue File System...
[    1.177157] systemd[1]: Mounting Debug File System...
[    1.177760] systemd[1]: Starting Setup Virtual Console...
[    1.179451] systemd[1]: Mounting Temporary Directory...
[    1.179996] systemd[1]: Starting Apply Kernel Variables...
[    1.180277] systemd[1]: Created slice system-netctl\x2dauto.slice.
[    1.180524] systemd[1]: Listening on /dev/initctl Compatibility Named Pipe.
[    1.180678] systemd[1]: Listening on LVM2 metadata daemon socket.
[    1.180746] systemd[1]: Reached target Encrypted Volumes.
[    1.181272] systemd[1]: Mounting Configuration File System...
[    1.181354] systemd[1]: Listening on Device-mapper event daemon FIFOs.
[    1.181641] systemd[1]: Set up automount Arbitrary Executable File Formats File System Automount Point.
[    1.182443] systemd[1]: Reached target Remote File Systems.
[    1.182641] systemd[1]: Created slice system-systemd\x2dfsck.slice.
[    1.183080] systemd[1]: Starting Remount Root and Kernel File Systems...
[    1.183708] systemd[1]: Mounting Huge Pages File System...
[    1.183812] systemd[1]: Listening on udev Kernel Socket.
[    1.183921] systemd[1]: Started Dispatch Password Requests to Console Directory Watch.
[    1.183997] systemd[1]: Reached target Paths.
[    1.184114] systemd[1]: Listening on Journal Socket (/dev/log).
[    1.184327] systemd[1]: Created slice system-getty.slice.
[    1.187005] EXT4-fs (sda5): re-mounted. Opts: data=ordered
[    1.187415] systemd[1]: Starting Journal Service...
[    1.189046] systemd[1]: Mounted Configuration File System.
[    1.189148] systemd[1]: Mounted POSIX Message Queue File System.
[    1.189222] systemd[1]: Mounted Temporary Directory.
[    1.189465] systemd[1]: Started Create list of required static device nodes for the current kernel.
[    1.189774] systemd[1]: Started Setup Virtual Console.
[    1.190125] systemd[1]: Started Remount Root and Kernel File Systems.
[    1.190331] systemd[1]: Mounted Debug File System.
[    1.190482] systemd[1]: Mounted Huge Pages File System.
[    1.195141] systemd[1]: Started Apply Kernel Variables.
[    1.204146] systemd[1]: Starting Load/Save Random Seed...
[    1.207785] systemd[1]: Starting udev Coldplug all Devices...
[    1.208839] systemd[1]: Starting Create Static Device Nodes in /dev...
[    1.215698] systemd[1]: Started Load/Save Random Seed.
[    1.238888] systemd[1]: Started Create Static Device Nodes in /dev.
[    1.239585] systemd[1]: Starting udev Kernel Device Manager...
[    1.239696] systemd[1]: Reached target Local File Systems (Pre).
[    1.250205] systemd[1]: Started udev Coldplug all Devices.
[    1.291462] systemd[1]: Started udev Kernel Device Manager.
[    1.308703] input: Lid Switch as /devices/LNXSYSTM:00/LNXSYBUS:00/PNP0C0D:00/input/input5
[    1.309658] ACPI: Lid Switch [LID]
[    1.309739] input: Sleep Button as /devices/LNXSYSTM:00/LNXSYBUS:00/PNP0C0E:00/input/input6
[    1.309745] ACPI: Sleep Button [SLPB]
[    1.309820] input: Power Button as /devices/LNXSYSTM:00/LNXPWRBN:00/input/input7
[    1.309824] ACPI: Power Button [PWRF]
[    1.316585] ACPI: AC Adapter [AC0] (on-line)
[    1.317348] usb 1-4: No LPM exit latency info found, disabling LPM.
[    1.351965] systemd[1]: Started Journal Service.
[    1.358910] systemd-journald[146]: Received request to flush runtime journal from PID 1
[    1.369128] tsc: Refined TSC clocksource calibration: 997.690 MHz
[    1.369134] clocksource tsc: mask: 0xffffffffffffffff max_cycles: 0x1cc321c3cba, max_idle_ns: 881590491283 ns
[    1.374143] ACPI: Battery Slot [BAT0] (battery present)
[    1.374473] wmi: Mapper loaded
[    1.374920] thermal LNXTHERM:00: registered as thermal_zone1
[    1.374922] ACPI: Thermal Zone [THRM] (30 C)
[    1.375203] thermal LNXTHERM:01: registered as thermal_zone2
[    1.375205] ACPI: Thermal Zone [TZ00] (28 C)
[    1.375393] thermal LNXTHERM:02: registered as thermal_zone3
[    1.375394] ACPI: Thermal Zone [TZ01] (30 C)
[    1.405776] hidraw: raw HID events driver (C) Jiri Kosina
[    1.426277] ACPI Warning: SystemIO range 0x000000000000F040-0x000000000000F05F conflicts with OpRegion 0x000000000000F040-0x000000000000F04F (\SMB0) (20150410/utaddress-254)
[    1.426286] ACPI Warning: SystemIO range 0x000000000000F040-0x000000000000F05F conflicts with OpRegion 0x000000000000F040-0x000000000000F04F (\_SB_.PCI0.SBUS.SMBI) (20150410/utaddress-254)
[    1.426293] ACPI: If an ACPI driver is available for this device, you should use it instead of the native driver
[    1.427642] shpchp: Standard Hot Plug PCI Controller Driver version: 0.4
[    1.446225] input: PC Speaker as /devices/platform/pcspkr/input/input9
[    1.463680] [drm] Initialized drm 1.1.0 20060810
[    1.465761] snd_hda_codec_conexant hdaudioC1D0: CX20751/2: BIOS auto-probing.
[    1.466064] snd_hda_codec_conexant hdaudioC1D0: autoconfig for CX20751/2: line_outs=1 (0x17/0x0/0x0/0x0/0x0) type:speaker
[    1.466068] snd_hda_codec_conexant hdaudioC1D0:    speaker_outs=0 (0x0/0x0/0x0/0x0/0x0)
[    1.466071] snd_hda_codec_conexant hdaudioC1D0:    hp_outs=1 (0x16/0x0/0x0/0x0/0x0)
[    1.466073] snd_hda_codec_conexant hdaudioC1D0:    mono: mono_out=0x0
[    1.466075] snd_hda_codec_conexant hdaudioC1D0:    inputs:
[    1.466078] snd_hda_codec_conexant hdaudioC1D0:      Internal Mic=0x1a
[    1.466081] snd_hda_codec_conexant hdaudioC1D0:      Mic=0x19
[    1.466886] snd_hda_codec_conexant hdaudioC1D0: Enable sync_write for stable communication
[    1.470645] input: HDA Digital PCBeep as /devices/pci0000:00/0000:00:1b.0/sound/card1/input10
[    1.476865] usb 1-5: new high-speed USB device number 4 using xhci_hcd
[    1.486069] input: HDA Intel PCH Mic as /devices/pci0000:00/0000:00:1b.0/sound/card1/input11
[    1.486177] input: HDA Intel PCH Headphone as /devices/pci0000:00/0000:00:1b.0/sound/card1/input12
[    1.492390] cfg80211: Calling CRDA to update world regulatory domain
[    1.495914] AVX2 version of gcm_enc/dec engaged.
[    1.495917] AES CTR mode by8 optimization enabled
[    1.498068] [drm] Memory usable by graphics device = 4096M
[    1.498074] checking generic (e0000000 7e9000) vs hw (e0000000 10000000)
[    1.498076] fb: switching to inteldrmfb from EFI VGA
[    1.498102] Console: switching to colour dummy device 80x25
[    1.498232] [drm] Replacing VGA console driver
[    1.505347] [drm] Supports vblank timestamp caching Rev 2 (21.10.2013).
[    1.505350] [drm] Driver supports precise vblank timestamp query.
[    1.505516] vgaarb: device changed decodes: PCI:0000:00:02.0,olddecodes=io+mem,decodes=io+mem:owns=io+mem
[    1.507690] Intel(R) Wireless WiFi driver for Linux
[    1.507694] Copyright(c) 2003- 2015 Intel Corporation
[    1.514154] iwlwifi 0000:02:00.0: loaded firmware version 25.30.13.0 op_mode iwlmvm
[    1.521986] fbcon: inteldrmfb (fb0) is primary device
[    1.523782] ACPI: Video Device [GFX0] (multi-head: yes  rom: no  post: no)
[    1.529719] input: Video Bus as /devices/LNXSYSTM:00/LNXSYBUS:00/PNP0A08:00/LNXVIDEO:00/input/input16
[    1.529907] snd_hda_intel 0000:00:03.0: bound 0000:00:02.0 (ops i915_audio_component_bind_ops [i915])
[    1.529912] [drm] Initialized i915 1.6.0 20150327 for 0000:00:02.0 on minor 0
[    1.536275] asus_wmi: ASUS WMI generic driver loaded
[    1.538493] asus_wmi: Initialization: 0x1
[    1.538559] asus_wmi: BIOS WMI version: 7.9
[    1.538632] asus_wmi: SFUN value: 0xa2077
[    1.539979] input: Asus WMI hotkeys as /devices/platform/asus-nb-wmi/input/input17
[    1.551878] iTCO_vendor_support: vendor-support=0
[    1.556540] iTCO_wdt: Intel TCO WatchDog Timer Driver v1.11
[    1.556586] iTCO_wdt: Found a Wildcat Point_LP TCO device (Version=2, TCOBASE=0x1860)
[    1.557932] iTCO_wdt: initialized. heartbeat=30 sec (nowayout=0)
[    1.562029] iwlwifi 0000:02:00.0: Detected Intel(R) Dual Band Wireless AC 7265, REV=0x210
[    1.562379] iwlwifi 0000:02:00.0: L1 Enabled - LTR Enabled
[    1.562828] iwlwifi 0000:02:00.0: L1 Enabled - LTR Enabled
[    1.572644] intel_rapl: Found RAPL domain package
[    1.572646] intel_rapl: Found RAPL domain core
[    1.572649] intel_rapl: Found RAPL domain uncore
[    1.572651] intel_rapl: Found RAPL domain dram
[    1.578913] asus_wmi: Backlight controlled by ACPI video driver
[    1.637253] ieee80211 phy0: Selected rate control algorithm 'iwl-mvm-rs'
[    1.639346] iwlwifi 0000:02:00.0 wlp2s0: renamed from wlan0
[    1.690441] media: Linux media interface: v0.10
[    1.693155] usbcore: registered new interface driver usbhid
[    1.693156] usbhid: USB HID core driver
[    1.694791] input: PixArt USB Optical Mouse as /devices/pci0000:00/0000:00:14.0/usb1/1-1/1-1:1.0/0003:093A:2510.0001/input/input18
[    1.695251] hid-generic 0003:093A:2510.0001: input,hidraw0: USB HID v1.11 Mouse [PixArt USB Optical Mouse] on usb-0000:00:14.0-1/input0
[    1.697741] Linux video capture interface: v2.00
[    1.700269] Bluetooth: Core ver 2.20
[    1.700282] NET: Registered protocol family 31
[    1.700282] Bluetooth: HCI device and connection manager initialized
[    1.700285] Bluetooth: HCI socket layer initialized
[    1.700287] Bluetooth: L2CAP socket layer initialized
[    1.700292] Bluetooth: SCO socket layer initialized
[    1.709686] mousedev: PS/2 mouse device common for all mice
[    1.711178] usbcore: registered new interface driver btusb
[    1.714388] uvcvideo: Found UVC 1.00 device USB2.0 UVC HD Webcam (064e:9700)
[    1.717082] input: USB2.0 UVC HD Webcam as /devices/pci0000:00/0000:00:14.0/usb1/1-5/1-5:1.0/input/input19
[    1.717234] usbcore: registered new interface driver uvcvideo
[    1.717235] USB Video Class driver (1.1.1)
[    1.725698] Bluetooth: hci0: read Intel version: 370810011003110e00
[    1.727063] Bluetooth: hci0: Intel Bluetooth firmware file: intel/ibt-hw-37.8.10-fw-1.10.3.11.e.bseq
[    1.822419] random: nonblocking pool is initialized
[    1.904737] Bluetooth: hci0: Intel Bluetooth firmware patch completed and activated
[    2.080379] psmouse serio4: elantech: assuming hardware version 4 (with firmware version 0x381f00)
[    2.095034] psmouse serio4: elantech: Synaptics capabilities query result 0x10, 0x14, 0x0e.
[    2.168176] input: ETPS/2 Elantech Touchpad as /devices/platform/i8042/serio4/input/input15
[    2.366932] Switched to clocksource tsc
[    2.714380] Console: switching to colour frame buffer device 240x67
[    2.720561] i915 0000:00:02.0: fb0: inteldrmfb frame buffer device
[    2.720562] i915 0000:00:02.0: registered panic notifier
[    2.738709] Adding 1952764k swap on /dev/sda6.  Priority:-1 extents:1 across:1952764k SSFS
[    2.751501] input: HDA Intel HDMI HDMI/DP,pcm=3 as /devices/pci0000:00/0000:00:03.0/sound/card0/input20
[    2.751597] input: HDA Intel HDMI HDMI/DP,pcm=7 as /devices/pci0000:00/0000:00:03.0/sound/card0/input21
[    2.751686] input: HDA Intel HDMI HDMI/DP,pcm=8 as /devices/pci0000:00/0000:00:03.0/sound/card0/input22
[    2.933976] iwlwifi 0000:02:00.0: L1 Enabled - LTR Enabled
[    2.934679] iwlwifi 0000:02:00.0: L1 Enabled - LTR Enabled
[    2.996904] iwlwifi 0000:02:00.0: L1 Enabled - LTR Enabled
[    2.997555] iwlwifi 0000:02:00.0: L1 Enabled - LTR Enabled
[    3.026983] IPv6: ADDRCONF(NETDEV_UP): wlp2s0: link is not ready
[   48.665373] i915 0000:00:02.0: BAR 6: [??? 0x00000000 flags 0x2] has bogus alignment
[   48.711653] PM: Syncing filesystems ... done.
[   48.741571] PM: Preparing system for mem sleep
[   48.742382] Freezing user space processes ... (elapsed 0.001 seconds) done.
[   48.743791] Freezing remaining freezable tasks ... (elapsed 0.001 seconds) done.
[   48.745011] PM: Entering mem sleep
[   48.745053] Suspending console(s) (use no_console_suspend to debug)
[   48.751825] sd 0:0:0:0: [sda] Synchronizing SCSI cache
[   48.752857] sd 0:0:0:0: [sda] Stopping disk
[   49.176314] PM: suspend of devices complete after 431.115 msecs
[   49.189828] PM: late suspend of devices complete after 13.508 msecs
[   49.192536] xhci_hcd 0000:00:14.0: System wakeup enabled by ACPI
[   49.203277] PM: noirq suspend of devices complete after 13.445 msecs
[   49.204258] ACPI: Preparing to enter system sleep state S3
[   49.222811] ACPI : EC: EC stopped
[   49.222811] PM: Saving platform NVS memory
[   49.222853] Disabling non-boot CPUs ...
[   49.222891] intel_pstate CPU 1 exiting
[   49.224077] kvm: disabling virtualization on CPU1
[   49.224088] smpboot: CPU 1 is now offline
[   49.224380] intel_pstate CPU 2 exiting
[   49.225564] kvm: disabling virtualization on CPU2
[   49.225575] smpboot: CPU 2 is now offline
[   49.226276] intel_pstate CPU 3 exiting
[   49.227392] kvm: disabling virtualization on CPU3
[   49.227402] smpboot: CPU 3 is now offline
[   49.232609] ACPI: Low-level resume complete
[   49.232743] ACPI : EC: EC started
[   49.232746] PM: Restoring platform NVS memory
[   49.233535] Enabling non-boot CPUs ...
[   49.233673] x86: Booting SMP configuration:
[   49.233678] smpboot: Booting Node 0 Processor 1 APIC 0x2
[   49.248993] kvm: enabling virtualization on CPU1
[   49.251620]  cache: parent cpu1 should not be sleeping
[   49.252324] CPU1 is up
[   49.252406] smpboot: Booting Node 0 Processor 2 APIC 0x1
[   49.267686] kvm: enabling virtualization on CPU2
[   49.270233]  cache: parent cpu2 should not be sleeping
[   49.270645] CPU2 is up
[   49.270703] smpboot: Booting Node 0 Processor 3 APIC 0x3
[   49.285710] kvm: enabling virtualization on CPU3
[   49.288262]  cache: parent cpu3 should not be sleeping
[   49.288686] CPU3 is up
[   49.306600] ACPI: Waking up from system sleep state S3
[   49.367642] xhci_hcd 0000:00:14.0: System wakeup disabled by ACPI
[   49.386511] PM: noirq resume of devices complete after 19.486 msecs
[   49.387620] PM: early resume of devices complete after 1.048 msecs
[   49.387854] usb usb1: root hub lost power or was reset
[   49.387862] usb usb2: root hub lost power or was reset
[   49.391232] rtc_cmos 00:04: System wakeup disabled by ACPI
[   49.395459] sd 0:0:0:0: [sda] Starting disk
[   49.711920] ata1: SATA link up 6.0 Gbps (SStatus 133 SControl 300)
[   49.715012] ata1.00: configured for UDMA/133
[   49.765237] usb 1-5: reset high-speed USB device number 4 using xhci_hcd
[   49.964373] iwlwifi 0000:02:00.0: L1 Enabled - LTR Enabled
[   49.964978] iwlwifi 0000:02:00.0: L1 Enabled - LTR Enabled
[   50.027909] iwlwifi 0000:02:00.0: L1 Enabled - LTR Enabled
[   50.028493] iwlwifi 0000:02:00.0: L1 Enabled - LTR Enabled
[   50.098484] usb 1-4: reset full-speed USB device number 3 using xhci_hcd
[   50.272674] usb 1-4: No LPM exit latency info found, disabling LPM.
[   50.274645] PM: resume of devices complete after 887.335 msecs
[   50.275815] PM: Finishing wakeup.
[   50.275819] Restarting tasks ... 
[   50.276293] usb 1-1: USB disconnect, device number 2
[   50.276544] done.
[   50.289562] Bluetooth: hci0: read Intel version: 370810011003110e00
[   50.289567] Bluetooth: hci0: Intel Bluetooth firmware file: intel/ibt-hw-37.8.10-fw-1.10.3.11.e.bseq
[   50.473612] Bluetooth: hci0: Intel Bluetooth firmware patch completed and activated
[   83.050112] wlp2s0: authenticate with c4:9a:02:95:d1:44
[   83.057284] wlp2s0: send auth to c4:9a:02:95:d1:44 (try 1/3)
[   83.080669] wlp2s0: authenticated
[   83.083181] wlp2s0: associate with c4:9a:02:95:d1:44 (try 1/3)
[   83.096889] wlp2s0: RX AssocResp from c4:9a:02:95:d1:44 (capab=0x8431 status=0 aid=1)
[   83.099702] wlp2s0: associated
[   83.099749] IPv6: ADDRCONF(NETDEV_CHANGE): wlp2s0: link becomes ready
[  142.227878] tun: Universal TUN/TAP device driver, 1.6
[  142.227881] tun: (C) 1999-2004 Max Krasnyansky <maxk@qualcomm.com>
[  663.342898] i915 0000:00:02.0: BAR 6: [??? 0x00000000 flags 0x2] has bogus alignment
[  663.378411] PM: Syncing filesystems ... done.
[  663.385100] PM: Preparing system for mem sleep
[  663.385511] Freezing user space processes ... (elapsed 0.001 seconds) done.
[  663.386548] Freezing remaining freezable tasks ... (elapsed 0.001 seconds) done.
[  663.387714] PM: Entering mem sleep
[  663.387734] Suspending console(s) (use no_console_suspend to debug)
[  663.387947] wlp2s0: deauthenticating from c4:9a:02:95:d1:44 by local choice (Reason: 3=DEAUTH_LEAVING)
[  663.415263] sd 0:0:0:0: [sda] Synchronizing SCSI cache
[  663.416084] sd 0:0:0:0: [sda] Stopping disk
[  663.825138] PM: suspend of devices complete after 437.411 msecs
[  663.843116] PM: late suspend of devices complete after 17.967 msecs
[  663.845788] xhci_hcd 0000:00:14.0: System wakeup enabled by ACPI
[  663.856583] PM: noirq suspend of devices complete after 13.468 msecs
[  663.856979] ACPI: Preparing to enter system sleep state S3
[  663.872901] ACPI : EC: EC stopped
[  663.872901] PM: Saving platform NVS memory
[  663.872949] Disabling non-boot CPUs ...
[  663.872989] intel_pstate CPU 1 exiting
[  663.874175] kvm: disabling virtualization on CPU1
[  663.874186] smpboot: CPU 1 is now offline
[  663.874502] intel_pstate CPU 2 exiting
[  663.875681] kvm: disabling virtualization on CPU2
[  663.875692] smpboot: CPU 2 is now offline
[  663.876353] intel_pstate CPU 3 exiting
[  663.877469] kvm: disabling virtualization on CPU3
[  663.877473] smpboot: CPU 3 is now offline
[  663.882683] ACPI: Low-level resume complete
[  663.882817] ACPI : EC: EC started
[  663.882819] PM: Restoring platform NVS memory
[  663.883661] Enabling non-boot CPUs ...
[  663.883796] x86: Booting SMP configuration:
[  663.883801] smpboot: Booting Node 0 Processor 1 APIC 0x2
[  663.899212] kvm: enabling virtualization on CPU1
[  663.901751]  cache: parent cpu1 should not be sleeping
[  663.902463] CPU1 is up
[  663.902544] smpboot: Booting Node 0 Processor 2 APIC 0x1
[  663.917789] kvm: enabling virtualization on CPU2
[  663.920301]  cache: parent cpu2 should not be sleeping
[  663.920698] CPU2 is up
[  663.920756] smpboot: Booting Node 0 Processor 3 APIC 0x3
[  663.935776] kvm: enabling virtualization on CPU3
[  663.938358]  cache: parent cpu3 should not be sleeping
[  663.938759] CPU3 is up
[  663.956655] ACPI: Waking up from system sleep state S3
[  664.017114] xhci_hcd 0000:00:14.0: System wakeup disabled by ACPI
[  664.032672] PM: noirq resume of devices complete after 16.104 msecs
[  664.033643] PM: early resume of devices complete after 0.912 msecs
[  664.034076] usb usb1: root hub lost power or was reset
[  664.034083] usb usb2: root hub lost power or was reset
[  664.037326] rtc_cmos 00:04: System wakeup disabled by ACPI
[  664.038043] sd 0:0:0:0: [sda] Starting disk
[  664.348698] ata1: SATA link up 6.0 Gbps (SStatus 133 SControl 300)
[  664.352559] ata1.00: configured for UDMA/133
[  664.412134] usb 1-4: reset full-speed USB device number 3 using xhci_hcd
[  664.585819] usb 1-4: No LPM exit latency info found, disabling LPM.
[  664.614597] iwlwifi 0000:02:00.0: L1 Enabled - LTR Enabled
[  664.615190] iwlwifi 0000:02:00.0: L1 Enabled - LTR Enabled
[  664.678008] iwlwifi 0000:02:00.0: L1 Enabled - LTR Enabled
[  664.678593] iwlwifi 0000:02:00.0: L1 Enabled - LTR Enabled
[  664.745138] usb 1-5: reset high-speed USB device number 4 using xhci_hcd
[  664.943435] PM: resume of devices complete after 910.116 msecs
[  664.943975] PM: Finishing wakeup.
[  664.943976] Restarting tasks ... done.
[  664.958552] Bluetooth: hci0: read Intel version: 370810011003110e00
[  664.958582] Bluetooth: hci0: Intel Bluetooth firmware file: intel/ibt-hw-37.8.10-fw-1.10.3.11.e.bseq
[  665.171482] Bluetooth: hci0: Intel Bluetooth firmware patch completed and activated
[  666.014233] asus_wmi: Unknown key cf pressed
[  694.296627] wlp2s0: authenticate with c4:9a:02:95:d1:44
[  694.303101] wlp2s0: send auth to c4:9a:02:95:d1:44 (try 1/3)
[  694.382217] wlp2s0: authenticated
[  694.384332] wlp2s0: associate with c4:9a:02:95:d1:44 (try 1/3)
[  694.400151] wlp2s0: RX AssocResp from c4:9a:02:95:d1:44 (capab=0x8431 status=0 aid=1)
[  694.402521] wlp2s0: associated
[  932.754871] usb 1-2: new low-speed USB device number 5 using xhci_hcd
[  932.931933] usb 1-2: ep 0x81 - rounding interval to 64 microframes, ep desc says 80 microframes
[  932.933889] input: PixArt USB Optical Mouse as /devices/pci0000:00/0000:00:14.0/usb1/1-2/1-2:1.0/0003:093A:2510.0002/input/input35
[  932.934065] hid-generic 0003:093A:2510.0002: input,hidraw0: USB HID v1.11 Mouse [PixArt USB Optical Mouse] on usb-0000:00:14.0-2/input0
[ 3196.906243] perf interrupt took too long (2595 > 2495), lowering kernel.perf_event_max_sample_rate to 50100
[ 5180.271344] i915 0000:00:02.0: BAR 6: [??? 0x00000000 flags 0x2] has bogus alignment
[ 5180.305378] PM: Syncing filesystems ... done.
[ 5180.315183] PM: Preparing system for mem sleep
[ 5180.315570] Freezing user space processes ... (elapsed 0.001 seconds) done.
[ 5180.316874] Freezing remaining freezable tasks ... (elapsed 0.001 seconds) done.
[ 5180.317965] PM: Entering mem sleep
[ 5180.317983] Suspending console(s) (use no_console_suspend to debug)
[ 5180.318225] wlp2s0: deauthenticating from c4:9a:02:95:d1:44 by local choice (Reason: 3=DEAUTH_LEAVING)
[ 5180.336525] sd 0:0:0:0: [sda] Synchronizing SCSI cache
[ 5180.337407] sd 0:0:0:0: [sda] Stopping disk
[ 5180.744708] PM: suspend of devices complete after 426.708 msecs
[ 5180.761441] PM: late suspend of devices complete after 16.719 msecs
[ 5180.763516] xhci_hcd 0000:00:14.0: System wakeup enabled by ACPI
[ 5180.774880] PM: noirq suspend of devices complete after 13.441 msecs
[ 5180.775277] ACPI: Preparing to enter system sleep state S3
[ 5180.791051] ACPI : EC: EC stopped
[ 5180.791051] PM: Saving platform NVS memory
[ 5180.791093] Disabling non-boot CPUs ...
[ 5180.791131] intel_pstate CPU 1 exiting
[ 5180.792331] kvm: disabling virtualization on CPU1
[ 5180.792342] smpboot: CPU 1 is now offline
[ 5180.792621] intel_pstate CPU 2 exiting
[ 5180.793801] kvm: disabling virtualization on CPU2
[ 5180.793813] smpboot: CPU 2 is now offline
[ 5180.794497] intel_pstate CPU 3 exiting
[ 5180.795624] kvm: disabling virtualization on CPU3
[ 5180.795628] smpboot: CPU 3 is now offline
[ 5180.800816] ACPI: Low-level resume complete
[ 5180.800950] ACPI : EC: EC started
[ 5180.800953] PM: Restoring platform NVS memory
[ 5180.801778] Enabling non-boot CPUs ...
[ 5180.801912] x86: Booting SMP configuration:
[ 5180.801917] smpboot: Booting Node 0 Processor 1 APIC 0x2
[ 5180.817325] kvm: enabling virtualization on CPU1
[ 5180.819951]  cache: parent cpu1 should not be sleeping
[ 5180.820613] CPU1 is up
[ 5180.820696] smpboot: Booting Node 0 Processor 2 APIC 0x1
[ 5180.836042] kvm: enabling virtualization on CPU2
[ 5180.838629]  cache: parent cpu2 should not be sleeping
[ 5180.839039] CPU2 is up
[ 5180.839096] smpboot: Booting Node 0 Processor 3 APIC 0x3
[ 5180.854103] kvm: enabling virtualization on CPU3
[ 5180.856684]  cache: parent cpu3 should not be sleeping
[ 5180.857091] CPU3 is up
[ 5180.874801] ACPI: Waking up from system sleep state S3
[ 5180.935791] xhci_hcd 0000:00:14.0: System wakeup disabled by ACPI
[ 5180.953033] PM: noirq resume of devices complete after 17.715 msecs
[ 5180.954267] PM: early resume of devices complete after 1.174 msecs
[ 5180.954521] usb usb1: root hub lost power or was reset
[ 5180.954528] usb usb2: root hub lost power or was reset
[ 5180.957850] rtc_cmos 00:04: System wakeup disabled by ACPI
[ 5180.963348] sd 0:0:0:0: [sda] Starting disk
[ 5181.280345] ata1: SATA link up 6.0 Gbps (SStatus 133 SControl 300)
[ 5181.283740] ata1.00: configured for UDMA/133
[ 5181.333715] usb 1-4: reset full-speed USB device number 3 using xhci_hcd
[ 5181.507643] usb 1-4: No LPM exit latency info found, disabling LPM.
[ 5181.551587] iwlwifi 0000:02:00.0: L1 Enabled - LTR Enabled
[ 5181.552144] iwlwifi 0000:02:00.0: L1 Enabled - LTR Enabled
[ 5181.615210] iwlwifi 0000:02:00.0: L1 Enabled - LTR Enabled
[ 5181.615764] iwlwifi 0000:02:00.0: L1 Enabled - LTR Enabled
[ 5181.666713] usb 1-5: reset high-speed USB device number 4 using xhci_hcd
[ 5181.864780] PM: resume of devices complete after 910.836 msecs
[ 5181.865379] PM: Finishing wakeup.
[ 5181.865380] Restarting tasks ... 
[ 5181.865426] usb 1-2: USB disconnect, device number 5
[ 5181.865703] done.
[ 5181.881219] Bluetooth: hci0: read Intel version: 370810011003110e00
[ 5181.881226] Bluetooth: hci0: Intel Bluetooth firmware file: intel/ibt-hw-37.8.10-fw-1.10.3.11.e.bseq
[ 5182.036224] Bluetooth: hci0: Intel Bluetooth firmware patch completed and activated
[ 5184.892817] wlp2s0: authenticate with a8:9d:21:60:1a:2f
[ 5184.899318] wlp2s0: send auth to a8:9d:21:60:1a:2f (try 1/3)
[ 5184.988349] wlp2s0: authenticated
[ 5184.988830] wlp2s0: associate with a8:9d:21:60:1a:2f (try 1/3)
[ 5184.990095] wlp2s0: RX AssocResp from a8:9d:21:60:1a:2f (capab=0x11 status=0 aid=3)
[ 5184.992414] wlp2s0: associated
[ 5185.093284] wlp2s0: Limiting TX power to 2 dBm as advertised by a8:9d:21:60:1a:2f
[ 5317.944791] i915 0000:00:02.0: BAR 6: [??? 0x00000000 flags 0x2] has bogus alignment
[ 5317.980516] PM: Syncing filesystems ... done.
[ 5317.989926] PM: Preparing system for mem sleep
[ 5317.990359] Freezing user space processes ... (elapsed 0.001 seconds) done.
[ 5317.991697] Freezing remaining freezable tasks ... (elapsed 0.001 seconds) done.
[ 5317.992851] PM: Entering mem sleep
[ 5317.992869] Suspending console(s) (use no_console_suspend to debug)
[ 5317.993070] wlp2s0: deauthenticating from a8:9d:21:60:1a:2f by local choice (Reason: 3=DEAUTH_LEAVING)
[ 5318.019267] sd 0:0:0:0: [sda] Synchronizing SCSI cache
[ 5318.020826] sd 0:0:0:0: [sda] Stopping disk
[ 5318.458681] PM: suspend of devices complete after 465.821 msecs
[ 5318.477339] PM: late suspend of devices complete after 18.643 msecs
[ 5318.480005] xhci_hcd 0000:00:14.0: System wakeup enabled by ACPI
[ 5318.490772] PM: noirq suspend of devices complete after 13.436 msecs
[ 5318.491169] ACPI: Preparing to enter system sleep state S3
[ 5318.510432] ACPI : EC: EC stopped
[ 5318.510433] PM: Saving platform NVS memory
[ 5318.510481] Disabling non-boot CPUs ...
[ 5318.510506] intel_pstate CPU 1 exiting
[ 5318.511691] kvm: disabling virtualization on CPU1
[ 5318.511699] smpboot: CPU 1 is now offline
[ 5318.511980] intel_pstate CPU 2 exiting
[ 5318.513253] kvm: disabling virtualization on CPU2
[ 5318.513264] smpboot: CPU 2 is now offline
[ 5318.513557] intel_pstate CPU 3 exiting
[ 5318.514910] kvm: disabling virtualization on CPU3
[ 5318.514926] smpboot: CPU 3 is now offline
[ 5318.519391] ACPI: Low-level resume complete
[ 5318.519481] ACPI : EC: EC started
[ 5318.519482] PM: Restoring platform NVS memory
[ 5318.520100] Enabling non-boot CPUs ...
[ 5318.520173] x86: Booting SMP configuration:
[ 5318.520176] smpboot: Booting Node 0 Processor 1 APIC 0x2
[ 5318.533176] kvm: enabling virtualization on CPU1
[ 5318.535442]  cache: parent cpu1 should not be sleeping
[ 5318.535695] CPU1 is up
[ 5318.535727] smpboot: Booting Node 0 Processor 2 APIC 0x1
[ 5318.548481] kvm: enabling virtualization on CPU2
[ 5318.550726]  cache: parent cpu2 should not be sleeping
[ 5318.550855] CPU2 is up
[ 5318.550873] smpboot: Booting Node 0 Processor 3 APIC 0x3
[ 5318.563345] kvm: enabling virtualization on CPU3
[ 5318.565522]  cache: parent cpu3 should not be sleeping
[ 5318.565631] CPU3 is up
[ 5318.570421] ACPI: Waking up from system sleep state S3
[ 5318.648266] xhci_hcd 0000:00:14.0: System wakeup disabled by ACPI
[ 5318.662936] PM: noirq resume of devices complete after 14.836 msecs
[ 5318.669337] PM: early resume of devices complete after 6.380 msecs
[ 5318.669492] usb usb1: root hub lost power or was reset
[ 5318.669495] usb usb2: root hub lost power or was reset
[ 5318.671930] rtc_cmos 00:04: System wakeup disabled by ACPI
[ 5318.672110] sd 0:0:0:0: [sda] Starting disk
[ 5318.991511] ata1: SATA link up 6.0 Gbps (SStatus 133 SControl 300)
[ 5318.994302] ata1.00: configured for UDMA/133
[ 5319.051573] usb 1-4: reset full-speed USB device number 3 using xhci_hcd
[ 5319.225333] usb 1-4: No LPM exit latency info found, disabling LPM.
[ 5319.244986] iwlwifi 0000:02:00.0: L1 Enabled - LTR Enabled
[ 5319.245431] iwlwifi 0000:02:00.0: L1 Enabled - LTR Enabled
[ 5319.307075] iwlwifi 0000:02:00.0: L1 Enabled - LTR Enabled
[ 5319.307576] iwlwifi 0000:02:00.0: L1 Enabled - LTR Enabled
[ 5319.384744] usb 1-5: reset high-speed USB device number 4 using xhci_hcd
[ 5319.582897] PM: resume of devices complete after 913.885 msecs
[ 5319.583525] PM: Finishing wakeup.
[ 5319.583526] Restarting tasks ... done.
[ 5319.598436] Bluetooth: hci0: read Intel version: 370810011003110e00
[ 5319.598487] Bluetooth: hci0: Intel Bluetooth firmware file: intel/ibt-hw-37.8.10-fw-1.10.3.11.e.bseq
[ 5319.798354] Bluetooth: hci0: Intel Bluetooth firmware patch completed and activated
[ 5323.051176] wlp2s0: authenticate with c4:9a:02:95:d1:44
[ 5323.066375] wlp2s0: send auth to c4:9a:02:95:d1:44 (try 1/3)
[ 5323.166267] wlp2s0: authenticated
[ 5323.166608] wlp2s0: associate with c4:9a:02:95:d1:44 (try 1/3)
[ 5323.206901] wlp2s0: RX AssocResp from c4:9a:02:95:d1:44 (capab=0x8431 status=0 aid=1)
[ 5323.209318] wlp2s0: associated
[ 6129.418314] usb 1-2: new low-speed USB device number 6 using xhci_hcd
[ 6129.595633] usb 1-2: ep 0x81 - rounding interval to 64 microframes, ep desc says 80 microframes
[ 6129.597690] input: PixArt USB Optical Mouse as /devices/pci0000:00/0000:00:14.0/usb1/1-2/1-2:1.0/0003:093A:2510.0003/input/input48
[ 6129.597842] hid-generic 0003:093A:2510.0003: input,hidraw0: USB HID v1.11 Mouse [PixArt USB Optical Mouse] on usb-0000:00:14.0-2/input0
[ 6795.580973] i915 0000:00:02.0: BAR 6: [??? 0x00000000 flags 0x2] has bogus alignment
[ 6795.619586] PM: Syncing filesystems ... done.
[ 6795.632633] PM: Preparing system for mem sleep
[ 6795.633044] Freezing user space processes ... (elapsed 0.000 seconds) done.
[ 6795.633979] Freezing remaining freezable tasks ... (elapsed 0.001 seconds) done.
[ 6795.635101] PM: Entering mem sleep
[ 6795.635119] Suspending console(s) (use no_console_suspend to debug)
[ 6795.635346] wlp2s0: deauthenticating from c4:9a:02:95:d1:44 by local choice (Reason: 3=DEAUTH_LEAVING)
[ 6795.663496] sd 0:0:0:0: [sda] Synchronizing SCSI cache
[ 6795.664488] sd 0:0:0:0: [sda] Stopping disk
[ 6796.069379] PM: suspend of devices complete after 434.270 msecs
[ 6796.087259] PM: late suspend of devices complete after 17.866 msecs
[ 6796.089349] xhci_hcd 0000:00:14.0: System wakeup enabled by ACPI
[ 6796.100695] PM: noirq suspend of devices complete after 13.438 msecs
[ 6796.101092] ACPI: Preparing to enter system sleep state S3
[ 6796.116395] ACPI : EC: EC stopped
[ 6796.116396] PM: Saving platform NVS memory
[ 6796.116438] Disabling non-boot CPUs ...
[ 6796.116464] intel_pstate CPU 1 exiting
[ 6796.117647] kvm: disabling virtualization on CPU1
[ 6796.117661] smpboot: CPU 1 is now offline
[ 6796.118086] intel_pstate CPU 2 exiting
[ 6796.119249] kvm: disabling virtualization on CPU2
[ 6796.119259] smpboot: CPU 2 is now offline
[ 6796.119539] intel_pstate CPU 3 exiting
[ 6796.120708] kvm: disabling virtualization on CPU3
[ 6796.120727] smpboot: CPU 3 is now offline
[ 6796.125842] ACPI: Low-level resume complete
[ 6796.125925] ACPI : EC: EC started
[ 6796.125927] PM: Restoring platform NVS memory
[ 6796.126605] Enabling non-boot CPUs ...
[ 6796.126702] x86: Booting SMP configuration:
[ 6796.126704] smpboot: Booting Node 0 Processor 1 APIC 0x2
[ 6796.141199] kvm: enabling virtualization on CPU1
[ 6796.143825]  cache: parent cpu1 should not be sleeping
[ 6796.144527] CPU1 is up
[ 6796.144609] smpboot: Booting Node 0 Processor 2 APIC 0x1
[ 6796.158953] kvm: enabling virtualization on CPU2
[ 6796.161542]  cache: parent cpu2 should not be sleeping
[ 6796.161985] CPU2 is up
[ 6796.162036] smpboot: Booting Node 0 Processor 3 APIC 0x3
[ 6796.176153] kvm: enabling virtualization on CPU3
[ 6796.178453]  cache: parent cpu3 should not be sleeping
[ 6796.178661] CPU3 is up
[ 6796.192017] ACPI: Waking up from system sleep state S3
[ 6796.255217] xhci_hcd 0000:00:14.0: System wakeup disabled by ACPI
[ 6796.277765] PM: noirq resume of devices complete after 22.849 msecs
[ 6796.281432] PM: early resume of devices complete after 3.610 msecs
[ 6796.284405] rtc_cmos 00:04: System wakeup disabled by ACPI
[ 6796.285242] sd 0:0:0:0: [sda] Starting disk
[ 6796.602552] ata1: SATA link up 6.0 Gbps (SStatus 133 SControl 300)
[ 6796.606633] ata1.00: configured for UDMA/133
[ 6796.649511] usb 1-4: reset full-speed USB device number 3 using xhci_hcd
[ 6796.823131] usb 1-4: No LPM exit latency info found, disabling LPM.
[ 6796.859034] iwlwifi 0000:02:00.0: L1 Enabled - LTR Enabled
[ 6796.859899] iwlwifi 0000:02:00.0: L1 Enabled - LTR Enabled
[ 6796.932250] iwlwifi 0000:02:00.0: L1 Enabled - LTR Enabled
[ 6796.933756] iwlwifi 0000:02:00.0: L1 Enabled - LTR Enabled
[ 6796.982399] usb 1-5: reset high-speed USB device number 4 using xhci_hcd
[ 6797.180186] PM: resume of devices complete after 899.075 msecs
[ 6797.180827] PM: Finishing wakeup.
[ 6797.180828] Restarting tasks ... done.
[ 6797.196668] Bluetooth: hci0: read Intel version: 370810011003110e00
[ 6797.196674] Bluetooth: hci0: Intel Bluetooth firmware file: intel/ibt-hw-37.8.10-fw-1.10.3.11.e.bseq
[ 6797.382578] Bluetooth: hci0: Intel Bluetooth firmware patch completed and activated
[ 6835.584174] wlp2s0: authenticate with c4:9a:02:95:d1:44
[ 6835.591120] wlp2s0: send auth to c4:9a:02:95:d1:44 (try 1/3)
[ 6835.608787] wlp2s0: authenticated
[ 6835.611651] wlp2s0: associate with c4:9a:02:95:d1:44 (try 1/3)
[ 6835.625846] wlp2s0: RX AssocResp from c4:9a:02:95:d1:44 (capab=0x8431 status=0 aid=1)
[ 6835.628819] wlp2s0: associated
[ 7965.334266] i915 0000:00:02.0: BAR 6: [??? 0x00000000 flags 0x2] has bogus alignment
[ 7965.368877] PM: Syncing filesystems ... done.
[ 7965.383292] PM: Preparing system for mem sleep
[ 7965.383698] Freezing user space processes ... (elapsed 0.001 seconds) done.
[ 7965.385005] Freezing remaining freezable tasks ... (elapsed 0.001 seconds) done.
[ 7965.386097] PM: Entering mem sleep
[ 7965.386114] Suspending console(s) (use no_console_suspend to debug)
[ 7965.386356] wlp2s0: deauthenticating from c4:9a:02:95:d1:44 by local choice (Reason: 3=DEAUTH_LEAVING)
[ 7965.412798] sd 0:0:0:0: [sda] Synchronizing SCSI cache
[ 7965.413746] sd 0:0:0:0: [sda] Stopping disk
[ 7965.862741] PM: suspend of devices complete after 476.623 msecs
[ 7965.882747] PM: late suspend of devices complete after 19.985 msecs
[ 7965.885226] xhci_hcd 0000:00:14.0: System wakeup enabled by ACPI
[ 7965.896274] PM: noirq suspend of devices complete after 13.529 msecs
[ 7965.896671] ACPI: Preparing to enter system sleep state S3
[ 7965.912419] ACPI : EC: EC stopped
[ 7965.912420] PM: Saving platform NVS memory
[ 7965.912461] Disabling non-boot CPUs ...
[ 7965.912487] intel_pstate CPU 1 exiting
[ 7965.913668] kvm: disabling virtualization on CPU1
[ 7965.913683] smpboot: CPU 1 is now offline
[ 7965.914103] intel_pstate CPU 2 exiting
[ 7965.915275] kvm: disabling virtualization on CPU2
[ 7965.915286] smpboot: CPU 2 is now offline
[ 7965.915974] intel_pstate CPU 3 exiting
[ 7965.917097] kvm: disabling virtualization on CPU3
[ 7965.917102] smpboot: CPU 3 is now offline
[ 7965.922313] ACPI: Low-level resume complete
[ 7965.922449] ACPI : EC: EC started
[ 7965.922451] PM: Restoring platform NVS memory
[ 7965.923316] Enabling non-boot CPUs ...
[ 7965.923451] x86: Booting SMP configuration:
[ 7965.923456] smpboot: Booting Node 0 Processor 1 APIC 0x2
[ 7965.938761] kvm: enabling virtualization on CPU1
[ 7965.941353]  cache: parent cpu1 should not be sleeping
[ 7965.942076] CPU1 is up
[ 7965.942158] smpboot: Booting Node 0 Processor 2 APIC 0x1
[ 7965.957504] kvm: enabling virtualization on CPU2
[ 7965.960065]  cache: parent cpu2 should not be sleeping
[ 7965.960475] CPU2 is up
[ 7965.960533] smpboot: Booting Node 0 Processor 3 APIC 0x3
[ 7965.975536] kvm: enabling virtualization on CPU3
[ 7965.978138]  cache: parent cpu3 should not be sleeping
[ 7965.978555] CPU3 is up
[ 7965.996473] ACPI: Waking up from system sleep state S3
[ 7966.057109] xhci_hcd 0000:00:14.0: System wakeup disabled by ACPI
[ 7966.075486] PM: noirq resume of devices complete after 18.818 msecs
[ 7966.076738] PM: early resume of devices complete after 1.193 msecs
[ 7966.076986] usb usb1: root hub lost power or was reset
[ 7966.076993] usb usb2: root hub lost power or was reset
[ 7966.080089] rtc_cmos 00:04: System wakeup disabled by ACPI
[ 7966.082866] sd 0:0:0:0: [sda] Starting disk
[ 7966.398393] ata1: SATA link up 6.0 Gbps (SStatus 133 SControl 300)
[ 7966.402283] ata1.00: configured for UDMA/133
[ 7966.455137] usb 1-4: reset full-speed USB device number 3 using xhci_hcd
[ 7966.628829] usb 1-4: No LPM exit latency info found, disabling LPM.
[ 7966.668871] iwlwifi 0000:02:00.0: L1 Enabled - LTR Enabled
[ 7966.669426] iwlwifi 0000:02:00.0: L1 Enabled - LTR Enabled
[ 7966.732296] iwlwifi 0000:02:00.0: L1 Enabled - LTR Enabled
[ 7966.732849] iwlwifi 0000:02:00.0: L1 Enabled - LTR Enabled
[ 7966.788158] usb 1-5: reset high-speed USB device number 4 using xhci_hcd
[ 7966.986457] PM: resume of devices complete after 910.042 msecs
[ 7966.987010] PM: Finishing wakeup.
[ 7966.987012] Restarting tasks ... 
[ 7966.987069] usb 1-2: USB disconnect, device number 6
[ 7966.998021] done.
[ 7967.001502] Bluetooth: hci0: read Intel version: 370810011003110e00
[ 7967.001540] Bluetooth: hci0: Intel Bluetooth firmware file: intel/ibt-hw-37.8.10-fw-1.10.3.11.e.bseq
[ 7967.205435] Bluetooth: hci0: Intel Bluetooth firmware patch completed and activated
[ 7970.452998] wlp2s0: authenticate with c4:9a:02:95:d1:44
[ 7970.459812] wlp2s0: send auth to c4:9a:02:95:d1:44 (try 1/3)
[ 7970.484961] wlp2s0: authenticated
[ 7970.486755] wlp2s0: associate with c4:9a:02:95:d1:44 (try 1/3)
[ 7970.500107] wlp2s0: RX AssocResp from c4:9a:02:95:d1:44 (capab=0x8431 status=0 aid=1)
[ 7970.503408] wlp2s0: associated
[10960.285042] i915 0000:00:02.0: BAR 6: [??? 0x00000000 flags 0x2] has bogus alignment
[10960.319032] PM: Syncing filesystems ... done.
[10960.328361] PM: Preparing system for mem sleep
[10960.328792] Freezing user space processes ... (elapsed 0.001 seconds) done.
[10960.330089] Freezing remaining freezable tasks ... (elapsed 0.001 seconds) done.
[10960.331196] PM: Entering mem sleep
[10960.331213] Suspending console(s) (use no_console_suspend to debug)
[10960.331408] wlp2s0: deauthenticating from c4:9a:02:95:d1:44 by local choice (Reason: 3=DEAUTH_LEAVING)
[10960.352992] sd 0:0:0:0: [sda] Synchronizing SCSI cache
[10960.353874] sd 0:0:0:0: [sda] Stopping disk
[10960.755028] PM: suspend of devices complete after 423.826 msecs
[10960.771766] PM: late suspend of devices complete after 16.723 msecs
[10960.774432] xhci_hcd 0000:00:14.0: System wakeup enabled by ACPI
[10960.785207] PM: noirq suspend of devices complete after 13.443 msecs
[10960.785604] ACPI: Preparing to enter system sleep state S3
[10960.804745] ACPI : EC: EC stopped
[10960.804746] PM: Saving platform NVS memory
[10960.804787] Disabling non-boot CPUs ...
[10960.804827] intel_pstate CPU 1 exiting
[10960.806035] kvm: disabling virtualization on CPU1
[10960.806046] smpboot: CPU 1 is now offline
[10960.806400] intel_pstate CPU 2 exiting
[10960.807567] kvm: disabling virtualization on CPU2
[10960.807578] smpboot: CPU 2 is now offline
[10960.808258] intel_pstate CPU 3 exiting
[10960.809376] kvm: disabling virtualization on CPU3
[10960.809380] smpboot: CPU 3 is now offline
[10960.814588] ACPI: Low-level resume complete
[10960.814720] ACPI : EC: EC started
[10960.814722] PM: Restoring platform NVS memory
[10960.815536] Enabling non-boot CPUs ...
[10960.815672] x86: Booting SMP configuration:
[10960.815677] smpboot: Booting Node 0 Processor 1 APIC 0x2
[10960.831081] kvm: enabling virtualization on CPU1
[10960.833713]  cache: parent cpu1 should not be sleeping
[10960.834424] CPU1 is up
[10960.834507] smpboot: Booting Node 0 Processor 2 APIC 0x1
[10960.849868] kvm: enabling virtualization on CPU2
[10960.852445]  cache: parent cpu2 should not be sleeping
[10960.852871] CPU2 is up
[10960.852931] smpboot: Booting Node 0 Processor 3 APIC 0x3
[10960.867931] kvm: enabling virtualization on CPU3
[10960.870515]  cache: parent cpu3 should not be sleeping
[10960.870943] CPU3 is up
[10960.888847] ACPI: Waking up from system sleep state S3
[10960.949127] xhci_hcd 0000:00:14.0: System wakeup disabled by ACPI
[10960.967185] PM: noirq resume of devices complete after 18.468 msecs
[10960.968465] PM: early resume of devices complete after 1.205 msecs
[10960.968706] usb usb1: root hub lost power or was reset
[10960.968714] usb usb2: root hub lost power or was reset
[10960.971617] rtc_cmos 00:04: System wakeup disabled by ACPI
[10960.976607] sd 0:0:0:0: [sda] Starting disk
[10961.293877] ata1: SATA link up 6.0 Gbps (SStatus 133 SControl 300)
[10961.297295] ata1.00: configured for UDMA/133
[10961.347298] usb 1-4: reset full-speed USB device number 3 using xhci_hcd
[10961.521477] usb 1-4: No LPM exit latency info found, disabling LPM.
[10961.544147] iwlwifi 0000:02:00.0: L1 Enabled - LTR Enabled
[10961.544594] iwlwifi 0000:02:00.0: L1 Enabled - LTR Enabled
[10961.606508] iwlwifi 0000:02:00.0: L1 Enabled - LTR Enabled
[10961.606958] iwlwifi 0000:02:00.0: L1 Enabled - LTR Enabled
[10961.680430] usb 1-5: reset high-speed USB device number 4 using xhci_hcd
[10961.878794] PM: resume of devices complete after 910.652 msecs
[10961.879457] PM: Finishing wakeup.
[10961.879459] Restarting tasks ... done.
[10961.893641] Bluetooth: hci0: read Intel version: 370810011003110e00
[10961.893648] Bluetooth: hci0: Intel Bluetooth firmware file: intel/ibt-hw-37.8.10-fw-1.10.3.11.e.bseq
[10962.050680] Bluetooth: hci0: Intel Bluetooth firmware patch completed and activated
[10964.871387] wlp2s0: authenticate with 54:a2:74:4c:91:be
[10964.878012] wlp2s0: send auth to 54:a2:74:4c:91:be (try 1/3)
[10964.927054] wlp2s0: authenticated
[10964.929226] wlp2s0: associate with 54:a2:74:4c:91:be (try 1/3)
[10964.930508] wlp2s0: RX AssocResp from 54:a2:74:4c:91:be (capab=0x11 status=0 aid=4)
[10964.933274] wlp2s0: associated
[10965.031028] wlp2s0: Limiting TX power to 2 dBm as advertised by 54:a2:74:4c:91:be
[11225.433246] wlp2s0: Limiting TX power to 2 dBm as advertised by 54:a2:74:4c:91:be
[11244.958025] wlp2s0: Limiting TX power to 2 dBm as advertised by 54:a2:74:4c:91:be
[11566.127418] wlp2s0: Limiting TX power to 2 dBm as advertised by 54:a2:74:4c:91:be
[11602.880567] wlp2s0: Limiting TX power to 2 dBm as advertised by 54:a2:74:4c:91:be
[11736.954889] i915 0000:00:02.0: BAR 6: [??? 0x00000000 flags 0x2] has bogus alignment
[11736.989563] PM: Syncing filesystems ... done.
[11737.008901] PM: Preparing system for mem sleep
[11737.009332] Freezing user space processes ... (elapsed 0.001 seconds) done.
[11737.010651] Freezing remaining freezable tasks ... (elapsed 0.001 seconds) done.
[11737.011781] PM: Entering mem sleep
[11737.011798] Suspending console(s) (use no_console_suspend to debug)
[11737.012010] wlp2s0: deauthenticating from 54:a2:74:4c:91:be by local choice (Reason: 3=DEAUTH_LEAVING)
[11737.035610] sd 0:0:0:0: [sda] Synchronizing SCSI cache
[11737.036895] sd 0:0:0:0: [sda] Stopping disk
[11737.479749] PM: suspend of devices complete after 467.971 msecs
[11737.496454] PM: late suspend of devices complete after 16.694 msecs
[11737.498941] xhci_hcd 0000:00:14.0: System wakeup enabled by ACPI
[11737.509915] PM: noirq suspend of devices complete after 13.463 msecs
[11737.510312] ACPI: Preparing to enter system sleep state S3
[11737.525705] ACPI : EC: EC stopped
[11737.525705] PM: Saving platform NVS memory
[11737.525747] Disabling non-boot CPUs ...
[11737.525784] intel_pstate CPU 1 exiting
[11737.526972] kvm: disabling virtualization on CPU1
[11737.527394] smpboot: CPU 1 is now offline
[11737.527689] intel_pstate CPU 2 exiting
[11737.528848] kvm: disabling virtualization on CPU2
[11737.528854] smpboot: CPU 2 is now offline
[11737.529526] intel_pstate CPU 3 exiting
[11737.530810] kvm: disabling virtualization on CPU3
[11737.530824] smpboot: CPU 3 is now offline
[11737.536935] ACPI: Low-level resume complete
[11737.537070] ACPI : EC: EC started
[11737.537072] PM: Restoring platform NVS memory
[11737.537883] Enabling non-boot CPUs ...
[11737.538018] x86: Booting SMP configuration:
[11737.538022] smpboot: Booting Node 0 Processor 1 APIC 0x2
[11737.553346] kvm: enabling virtualization on CPU1
[11737.555906]  cache: parent cpu1 should not be sleeping
[11737.556580] CPU1 is up
[11737.556660] smpboot: Booting Node 0 Processor 2 APIC 0x1
[11737.571986] kvm: enabling virtualization on CPU2
[11737.574478]  cache: parent cpu2 should not be sleeping
[11737.574904] CPU2 is up
[11737.574965] smpboot: Booting Node 0 Processor 3 APIC 0x3
[11737.589966] kvm: enabling virtualization on CPU3
[11737.592564]  cache: parent cpu3 should not be sleeping
[11737.592988] CPU3 is up
[11737.610928] ACPI: Waking up from system sleep state S3
[11737.671193] xhci_hcd 0000:00:14.0: System wakeup disabled by ACPI
[11737.690110] PM: noirq resume of devices complete after 19.416 msecs
[11737.691216] PM: early resume of devices complete after 1.046 msecs
[11737.691449] usb usb1: root hub lost power or was reset
[11737.691456] usb usb2: root hub lost power or was reset
[11737.693596] rtc_cmos 00:04: System wakeup disabled by ACPI
[11737.699030] sd 0:0:0:0: [sda] Starting disk
[11738.009312] ata1: SATA link up 6.0 Gbps (SStatus 133 SControl 300)
[11738.012845] ata1.00: configured for UDMA/133
[11738.069453] usb 1-5: reset high-speed USB device number 4 using xhci_hcd
[11738.271861] iwlwifi 0000:02:00.0: L1 Enabled - LTR Enabled
[11738.272449] iwlwifi 0000:02:00.0: L1 Enabled - LTR Enabled
[11738.343327] iwlwifi 0000:02:00.0: L1 Enabled - LTR Enabled
[11738.343882] iwlwifi 0000:02:00.0: L1 Enabled - LTR Enabled
[11738.402405] usb 1-4: reset full-speed USB device number 3 using xhci_hcd
[11738.576642] usb 1-4: No LPM exit latency info found, disabling LPM.
[11738.578504] PM: resume of devices complete after 887.601 msecs
[11738.579646] PM: Finishing wakeup.
[11738.579650] Restarting tasks ... done.
[11738.599716] Bluetooth: hci0: read Intel version: 370810011003110e00
[11738.599764] Bluetooth: hci0: Intel Bluetooth firmware file: intel/ibt-hw-37.8.10-fw-1.10.3.11.e.bseq
[11738.806631] Bluetooth: hci0: Intel Bluetooth firmware patch completed and activated
[11742.045776] wlp2s0: authenticate with c4:9a:02:95:d1:44
[11742.054034] wlp2s0: send auth to c4:9a:02:95:d1:44 (try 1/3)
[11742.089260] wlp2s0: authenticated
[11742.090978] wlp2s0: associate with c4:9a:02:95:d1:44 (try 1/3)
[11742.103860] wlp2s0: RX AssocResp from c4:9a:02:95:d1:44 (capab=0x8431 status=0 aid=1)
[11742.108550] wlp2s0: associated
[15562.408566] i915 0000:00:02.0: BAR 6: [??? 0x00000000 flags 0x2] has bogus alignment
[15562.441995] PM: Syncing filesystems ... done.
[15562.457077] PM: Preparing system for mem sleep
[15562.457474] Freezing user space processes ... (elapsed 0.001 seconds) done.
[15562.458748] Freezing remaining freezable tasks ... (elapsed 0.001 seconds) done.
[15562.459841] PM: Entering mem sleep
[15562.459859] Suspending console(s) (use no_console_suspend to debug)
[15562.460062] wlp2s0: deauthenticating from c4:9a:02:95:d1:44 by local choice (Reason: 3=DEAUTH_LEAVING)
[15562.483225] sd 0:0:0:0: [sda] Synchronizing SCSI cache
[15562.484606] sd 0:0:0:0: [sda] Stopping disk
[15562.884366] PM: suspend of devices complete after 424.520 msecs
[15562.902227] PM: late suspend of devices complete after 17.848 msecs
[15562.904923] xhci_hcd 0000:00:14.0: System wakeup enabled by ACPI
[15562.915664] PM: noirq suspend of devices complete after 13.438 msecs
[15562.916061] ACPI: Preparing to enter system sleep state S3
[15562.932274] ACPI : EC: EC stopped
[15562.932274] PM: Saving platform NVS memory
[15562.932316] Disabling non-boot CPUs ...
[15562.932342] intel_pstate CPU 1 exiting
[15562.933529] kvm: disabling virtualization on CPU1
[15562.933536] smpboot: CPU 1 is now offline
[15562.933852] intel_pstate CPU 2 exiting
[15562.935088] kvm: disabling virtualization on CPU2
[15562.935099] smpboot: CPU 2 is now offline
[15562.935521] intel_pstate CPU 3 exiting
[15562.936641] kvm: disabling virtualization on CPU3
[15562.936645] smpboot: CPU 3 is now offline
[15562.941887] ACPI: Low-level resume complete
[15562.942021] ACPI : EC: EC started
[15562.942023] PM: Restoring platform NVS memory
[15562.942878] Enabling non-boot CPUs ...
[15562.943018] x86: Booting SMP configuration:
[15562.943023] smpboot: Booting Node 0 Processor 1 APIC 0x2
[15562.958425] kvm: enabling virtualization on CPU1
[15562.961038]  cache: parent cpu1 should not be sleeping
[15562.961752] CPU1 is up
[15562.961833] smpboot: Booting Node 0 Processor 2 APIC 0x1
[15562.977076] kvm: enabling virtualization on CPU2
[15562.979651]  cache: parent cpu2 should not be sleeping
[15562.980080] CPU2 is up
[15562.980140] smpboot: Booting Node 0 Processor 3 APIC 0x3
[15562.995143] kvm: enabling virtualization on CPU3
[15562.997756]  cache: parent cpu3 should not be sleeping
[15562.998166] CPU3 is up
[15563.015935] ACPI: Waking up from system sleep state S3
[15563.076296] xhci_hcd 0000:00:14.0: System wakeup disabled by ACPI
[15563.090561] PM: noirq resume of devices complete after 14.743 msecs
[15563.091672] PM: early resume of devices complete after 1.050 msecs
[15563.091849] usb usb1: root hub lost power or was reset
[15563.091857] usb usb2: root hub lost power or was reset
[15563.095168] rtc_cmos 00:04: System wakeup disabled by ACPI
[15563.096494] sd 0:0:0:0: [sda] Starting disk
[15563.414460] ata1: SATA link up 6.0 Gbps (SStatus 133 SControl 300)
[15563.418321] ata1.00: configured for UDMA/133
[15563.467900] usb 1-4: reset full-speed USB device number 3 using xhci_hcd
[15563.641942] usb 1-4: No LPM exit latency info found, disabling LPM.
[15563.692426] iwlwifi 0000:02:00.0: L1 Enabled - LTR Enabled
[15563.692986] iwlwifi 0000:02:00.0: L1 Enabled - LTR Enabled
[15563.755838] iwlwifi 0000:02:00.0: L1 Enabled - LTR Enabled
[15563.756395] iwlwifi 0000:02:00.0: L1 Enabled - LTR Enabled
[15563.800925] usb 1-5: reset high-speed USB device number 4 using xhci_hcd
[15563.999071] PM: resume of devices complete after 907.708 msecs
[15563.999713] PM: Finishing wakeup.
[15563.999715] Restarting tasks ... done.
[15564.020263] Bluetooth: hci0: read Intel version: 370810011003110e00
[15564.020271] Bluetooth: hci0: Intel Bluetooth firmware file: intel/ibt-hw-37.8.10-fw-1.10.3.11.e.bseq
[15564.229218] Bluetooth: hci0: Intel Bluetooth firmware patch completed and activated
[15567.465320] wlp2s0: authenticate with c4:9a:02:95:d1:44
[15567.471432] wlp2s0: send auth to c4:9a:02:95:d1:44 (try 1/3)
[15567.558957] wlp2s0: authenticated
[15567.559444] wlp2s0: associate with c4:9a:02:95:d1:44 (try 1/3)
[15567.574788] wlp2s0: RX AssocResp from c4:9a:02:95:d1:44 (capab=0x8431 status=0 aid=2)
[15567.578268] wlp2s0: associated
[16284.276919] i915 0000:00:02.0: BAR 6: [??? 0x00000000 flags 0x2] has bogus alignment
[16284.307668] PM: Syncing filesystems ... done.
[16284.319200] PM: Preparing system for mem sleep
[16284.319629] Freezing user space processes ... (elapsed 0.001 seconds) done.
[16284.320916] Freezing remaining freezable tasks ... (elapsed 0.001 seconds) done.
[16284.322025] PM: Entering mem sleep
[16284.322042] Suspending console(s) (use no_console_suspend to debug)
[16284.322225] wlp2s0: deauthenticating from c4:9a:02:95:d1:44 by local choice (Reason: 3=DEAUTH_LEAVING)
[16284.348517] sd 0:0:0:0: [sda] Synchronizing SCSI cache
[16284.349843] sd 0:0:0:0: [sda] Stopping disk
[16284.746739] PM: suspend of devices complete after 424.713 msecs
[16284.766804] PM: late suspend of devices complete after 20.052 msecs
[16284.769794] xhci_hcd 0000:00:14.0: System wakeup enabled by ACPI
[16284.780248] PM: noirq suspend of devices complete after 13.446 msecs
[16284.780645] ACPI: Preparing to enter system sleep state S3
[16284.796010] ACPI : EC: EC stopped
[16284.796011] PM: Saving platform NVS memory
[16284.796052] Disabling non-boot CPUs ...
[16284.796092] intel_pstate CPU 1 exiting
[16284.797283] kvm: disabling virtualization on CPU1
[16284.797705] smpboot: CPU 1 is now offline
[16284.798000] intel_pstate CPU 2 exiting
[16284.799154] kvm: disabling virtualization on CPU2
[16284.799164] smpboot: CPU 2 is now offline
[16284.799836] intel_pstate CPU 3 exiting
[16284.800961] kvm: disabling virtualization on CPU3
[16284.800965] smpboot: CPU 3 is now offline
[16284.806185] ACPI: Low-level resume complete
[16284.806320] ACPI : EC: EC started
[16284.806322] PM: Restoring platform NVS memory
[16284.807158] Enabling non-boot CPUs ...
[16284.807298] x86: Booting SMP configuration:
[16284.807302] smpboot: Booting Node 0 Processor 1 APIC 0x2
[16284.822615] kvm: enabling virtualization on CPU1
[16284.825198]  cache: parent cpu1 should not be sleeping
[16284.825916] CPU1 is up
[16284.825999] smpboot: Booting Node 0 Processor 2 APIC 0x1
[16284.841348] kvm: enabling virtualization on CPU2
[16284.843867]  cache: parent cpu2 should not be sleeping
[16284.844294] CPU2 is up
[16284.844353] smpboot: Booting Node 0 Processor 3 APIC 0x3
[16284.859379] kvm: enabling virtualization on CPU3
[16284.861961]  cache: parent cpu3 should not be sleeping
[16284.862395] CPU3 is up
[16284.880291] ACPI: Waking up from system sleep state S3
[16284.940637] xhci_hcd 0000:00:14.0: System wakeup disabled by ACPI
[16284.960352] PM: noirq resume of devices complete after 20.178 msecs
[16284.961485] PM: early resume of devices complete after 1.072 msecs
[16284.961693] usb usb1: root hub lost power or was reset
[16284.961700] usb usb2: root hub lost power or was reset
[16284.964934] sd 0:0:0:0: [sda] Starting disk
[16284.965430] rtc_cmos 00:04: System wakeup disabled by ACPI
[16285.275669] ata1: SATA link up 6.0 Gbps (SStatus 133 SControl 300)
[16285.279525] ata1.00: configured for UDMA/133
[16285.339150] usb 1-4: reset full-speed USB device number 3 using xhci_hcd
[16285.512925] usb 1-4: No LPM exit latency info found, disabling LPM.
[16285.551528] iwlwifi 0000:02:00.0: L1 Enabled - LTR Enabled
[16285.552136] iwlwifi 0000:02:00.0: L1 Enabled - LTR Enabled
[16285.614974] iwlwifi 0000:02:00.0: L1 Enabled - LTR Enabled
[16285.615567] iwlwifi 0000:02:00.0: L1 Enabled - LTR Enabled
[16285.672153] usb 1-5: reset high-speed USB device number 4 using xhci_hcd
[16285.870335] PM: resume of devices complete after 909.169 msecs
[16285.871677] PM: Finishing wakeup.
[16285.871681] Restarting tasks ... done.
[16285.886348] Bluetooth: hci0: read Intel version: 370810011003110e00
[16285.886412] Bluetooth: hci0: Intel Bluetooth firmware file: intel/ibt-hw-37.8.10-fw-1.10.3.11.e.bseq
[16286.058348] Bluetooth: hci0: Intel Bluetooth firmware patch completed and activated
[16322.418765] wlp2s0: authenticate with c4:9a:02:95:d1:44
[16322.425679] wlp2s0: send auth to c4:9a:02:95:d1:44 (try 1/3)
[16322.466606] wlp2s0: authenticated
[16322.468727] wlp2s0: associate with c4:9a:02:95:d1:44 (try 1/3)
[16322.482894] wlp2s0: RX AssocResp from c4:9a:02:95:d1:44 (capab=0x8431 status=0 aid=1)
[16322.487167] wlp2s0: associated
[17057.309735] i915 0000:00:02.0: BAR 6: [??? 0x00000000 flags 0x2] has bogus alignment
[17057.342231] PM: Syncing filesystems ... done.
[17057.357845] PM: Preparing system for mem sleep
[17057.358304] Freezing user space processes ... (elapsed 0.001 seconds) done.
[17057.359548] Freezing remaining freezable tasks ... (elapsed 0.001 seconds) done.
[17057.360638] PM: Entering mem sleep
[17057.360656] Suspending console(s) (use no_console_suspend to debug)
[17057.360850] wlp2s0: deauthenticating from c4:9a:02:95:d1:44 by local choice (Reason: 3=DEAUTH_LEAVING)
[17057.387098] sd 0:0:0:0: [sda] Synchronizing SCSI cache
[17057.388506] sd 0:0:0:0: [sda] Stopping disk
[17057.819405] PM: suspend of devices complete after 458.774 msecs
[17057.839475] PM: late suspend of devices complete after 20.072 msecs
[17057.841928] xhci_hcd 0000:00:14.0: System wakeup enabled by ACPI
[17057.852938] PM: noirq suspend of devices complete after 13.464 msecs
[17057.853335] ACPI: Preparing to enter system sleep state S3
[17057.869261] ACPI : EC: EC stopped
[17057.869262] PM: Saving platform NVS memory
[17057.869309] Disabling non-boot CPUs ...
[17057.869334] intel_pstate CPU 1 exiting
[17057.870520] kvm: disabling virtualization on CPU1
[17057.870528] smpboot: CPU 1 is now offline
[17057.870833] intel_pstate CPU 2 exiting
[17057.872026] kvm: disabling virtualization on CPU2
[17057.872037] smpboot: CPU 2 is now offline
[17057.872892] intel_pstate CPU 3 exiting
[17057.874160] kvm: disabling virtualization on CPU3
[17057.874175] smpboot: CPU 3 is now offline
[17057.880242] ACPI: Low-level resume complete
[17057.880375] ACPI : EC: EC started
[17057.880378] PM: Restoring platform NVS memory
[17057.881231] Enabling non-boot CPUs ...
[17057.881367] x86: Booting SMP configuration:
[17057.881371] smpboot: Booting Node 0 Processor 1 APIC 0x2
[17057.896673] kvm: enabling virtualization on CPU1
[17057.899379]  cache: parent cpu1 should not be sleeping
[17057.900029] CPU1 is up
[17057.900109] smpboot: Booting Node 0 Processor 2 APIC 0x1
[17057.915482] kvm: enabling virtualization on CPU2
[17057.918066]  cache: parent cpu2 should not be sleeping
[17057.918493] CPU2 is up
[17057.918553] smpboot: Booting Node 0 Processor 3 APIC 0x3
[17057.933559] kvm: enabling virtualization on CPU3
[17057.936155]  cache: parent cpu3 should not be sleeping
[17057.936567] CPU3 is up
[17057.954339] ACPI: Waking up from system sleep state S3
[17058.015141] xhci_hcd 0000:00:14.0: System wakeup disabled by ACPI
[17058.029454] PM: noirq resume of devices complete after 14.943 msecs
[17058.030435] PM: early resume of devices complete after 0.919 msecs
[17058.030876] usb usb1: root hub lost power or was reset
[17058.030884] usb usb2: root hub lost power or was reset
[17058.033534] rtc_cmos 00:04: System wakeup disabled by ACPI
[17058.034955] sd 0:0:0:0: [sda] Starting disk
